Archive member included to satisfy reference by file (symbol)

c:/program files (x86)/atollic/truestudio for arm 6.0.0/armtools/bin/../lib/gcc/arm-atollic-eabi/5.3.1/../../../../arm-atollic-eabi/lib/armv7e-m/fpu\libc.a(lib_a-init.o)
                              Drivers\CMSIS\Device\ST\STM32F4xx\Source\Templates\gcc\startup_stm32f446xx.o (__libc_init_array)
c:/program files (x86)/atollic/truestudio for arm 6.0.0/armtools/bin/../lib/gcc/arm-atollic-eabi/5.3.1/../../../../arm-atollic-eabi/lib/armv7e-m/fpu\libc.a(lib_a-printf.o)
                              Src\display_functions.o (printf)
c:/program files (x86)/atollic/truestudio for arm 6.0.0/armtools/bin/../lib/gcc/arm-atollic-eabi/5.3.1/../../../../arm-atollic-eabi/lib/armv7e-m/fpu\libc.a(lib_a-rand.o)
                              Src\car_game_definitions.o (srand)
c:/program files (x86)/atollic/truestudio for arm 6.0.0/armtools/bin/../lib/gcc/arm-atollic-eabi/5.3.1/../../../../arm-atollic-eabi/lib/armv7e-m/fpu\libc.a(lib_a-sprintf.o)
                              Src\car_game_definitions.o (sprintf)
c:/program files (x86)/atollic/truestudio for arm 6.0.0/armtools/bin/../lib/gcc/arm-atollic-eabi/5.3.1/../../../../arm-atollic-eabi/lib/armv7e-m/fpu\libc.a(lib_a-strlen.o)
                              Src\display_functions.o (strlen)
c:/program files (x86)/atollic/truestudio for arm 6.0.0/armtools/bin/../lib/gcc/arm-atollic-eabi/5.3.1/../../../../arm-atollic-eabi/lib/armv7e-m/fpu\libc.a(lib_a-svfprintf.o)
                              c:/program files (x86)/atollic/truestudio for arm 6.0.0/armtools/bin/../lib/gcc/arm-atollic-eabi/5.3.1/../../../../arm-atollic-eabi/lib/armv7e-m/fpu\libc.a(lib_a-sprintf.o) (_svfprintf_r)
c:/program files (x86)/atollic/truestudio for arm 6.0.0/armtools/bin/../lib/gcc/arm-atollic-eabi/5.3.1/../../../../arm-atollic-eabi/lib/armv7e-m/fpu\libc.a(lib_a-time.o)
                              Src\car_game_definitions.o (time)
c:/program files (x86)/atollic/truestudio for arm 6.0.0/armtools/bin/../lib/gcc/arm-atollic-eabi/5.3.1/../../../../arm-atollic-eabi/lib/armv7e-m/fpu\libc.a(lib_a-vfprintf.o)
                              c:/program files (x86)/atollic/truestudio for arm 6.0.0/armtools/bin/../lib/gcc/arm-atollic-eabi/5.3.1/../../../../arm-atollic-eabi/lib/armv7e-m/fpu\libc.a(lib_a-printf.o) (_vfprintf_r)
c:/program files (x86)/atollic/truestudio for arm 6.0.0/armtools/bin/../lib/gcc/arm-atollic-eabi/5.3.1/../../../../arm-atollic-eabi/lib/armv7e-m/fpu\libc.a(lib_a-wsetup.o)
                              c:/program files (x86)/atollic/truestudio for arm 6.0.0/armtools/bin/../lib/gcc/arm-atollic-eabi/5.3.1/../../../../arm-atollic-eabi/lib/armv7e-m/fpu\libc.a(lib_a-vfprintf.o) (__swsetup_r)
c:/program files (x86)/atollic/truestudio for arm 6.0.0/armtools/bin/../lib/gcc/arm-atollic-eabi/5.3.1/../../../../arm-atollic-eabi/lib/armv7e-m/fpu\libc.a(lib_a-dtoa.o)
                              c:/program files (x86)/atollic/truestudio for arm 6.0.0/armtools/bin/../lib/gcc/arm-atollic-eabi/5.3.1/../../../../arm-atollic-eabi/lib/armv7e-m/fpu\libc.a(lib_a-svfprintf.o) (_dtoa_r)
c:/program files (x86)/atollic/truestudio for arm 6.0.0/armtools/bin/../lib/gcc/arm-atollic-eabi/5.3.1/../../../../arm-atollic-eabi/lib/armv7e-m/fpu\libc.a(lib_a-fflush.o)
                              c:/program files (x86)/atollic/truestudio for arm 6.0.0/armtools/bin/../lib/gcc/arm-atollic-eabi/5.3.1/../../../../arm-atollic-eabi/lib/armv7e-m/fpu\libc.a(lib_a-vfprintf.o) (_fflush_r)
c:/program files (x86)/atollic/truestudio for arm 6.0.0/armtools/bin/../lib/gcc/arm-atollic-eabi/5.3.1/../../../../arm-atollic-eabi/lib/armv7e-m/fpu\libc.a(lib_a-findfp.o)
                              c:/program files (x86)/atollic/truestudio for arm 6.0.0/armtools/bin/../lib/gcc/arm-atollic-eabi/5.3.1/../../../../arm-atollic-eabi/lib/armv7e-m/fpu\libc.a(lib_a-printf.o) (__sinit)
c:/program files (x86)/atollic/truestudio for arm 6.0.0/armtools/bin/../lib/gcc/arm-atollic-eabi/5.3.1/../../../../arm-atollic-eabi/lib/armv7e-m/fpu\libc.a(lib_a-freer.o)
                              c:/program files (x86)/atollic/truestudio for arm 6.0.0/armtools/bin/../lib/gcc/arm-atollic-eabi/5.3.1/../../../../arm-atollic-eabi/lib/armv7e-m/fpu\libc.a(lib_a-wsetup.o) (_free_r)
c:/program files (x86)/atollic/truestudio for arm 6.0.0/armtools/bin/../lib/gcc/arm-atollic-eabi/5.3.1/../../../../arm-atollic-eabi/lib/armv7e-m/fpu\libc.a(lib_a-fwalk.o)
                              c:/program files (x86)/atollic/truestudio for arm 6.0.0/armtools/bin/../lib/gcc/arm-atollic-eabi/5.3.1/../../../../arm-atollic-eabi/lib/armv7e-m/fpu\libc.a(lib_a-findfp.o) (_fwalk)
c:/program files (x86)/atollic/truestudio for arm 6.0.0/armtools/bin/../lib/gcc/arm-atollic-eabi/5.3.1/../../../../arm-atollic-eabi/lib/armv7e-m/fpu\libc.a(lib_a-gettimeofdayr.o)
[...]
Memory Configuration

Name             Origin             Length             Attributes
FLASH            0x08000000         0x00080000         xr
RAM              0x20000000         0x00020000         xrw
*default*        0x00000000         0xffffffff

Linker script and memory map

LOAD c:/program files (x86)/atollic/truestudio for arm 6.0.0/armtools/bin/../lib/gcc/arm-atollic-eabi/5.3.1/armv7e-m/fpu/crti.o
LOAD c:/program files (x86)/atollic/truestudio for arm 6.0.0/armtools/bin/../lib/gcc/arm-atollic-eabi/5.3.1/armv7e-m/fpu/crtbegin.o
LOAD Drivers\CMSIS\Device\ST\STM32F4xx\Source\Templates\gcc\startup_stm32f446xx.o
LOAD Drivers\CMSIS\Device\ST\STM32F4xx\Source\Templates\system_stm32f4xx.o
LOAD Drivers\STM32F4xx_HAL_Driver\Src\stm32f4xx_hal.o
LOAD Drivers\STM32F4xx_HAL_Driver\Src\stm32f4xx_hal_cortex.o
LOAD Drivers\STM32F4xx_HAL_Driver\Src\stm32f4xx_hal_dma.o
LOAD Drivers\STM32F4xx_HAL_Driver\Src\stm32f4xx_hal_dma_ex.o
LOAD Drivers\STM32F4xx_HAL_Driver\Src\stm32f4xx_hal_flash.o
LOAD Drivers\STM32F4xx_HAL_Driver\Src\stm32f4xx_hal_flash_ex.o
LOAD Drivers\STM32F4xx_HAL_Driver\Src\stm32f4xx_hal_flash_ramfunc.o
LOAD Drivers\STM32F4xx_HAL_Driver\Src\stm32f4xx_hal_gpio.o
LOAD Drivers\STM32F4xx_HAL_Driver\Src\stm32f4xx_hal_i2c.o
LOAD Drivers\STM32F4xx_HAL_Driver\Src\stm32f4xx_hal_i2c_ex.o
LOAD Drivers\STM32F4xx_HAL_Driver\Src\stm32f4xx_hal_pwr.o
LOAD Drivers\STM32F4xx_HAL_Driver\Src\stm32f4xx_hal_pwr_ex.o
LOAD Drivers\STM32F4xx_HAL_Driver\Src\stm32f4xx_hal_rcc.o
LOAD Drivers\STM32F4xx_HAL_Driver\Src\stm32f4xx_hal_rcc_ex.o
LOAD Drivers\STM32F4xx_HAL_Driver\Src\stm32f4xx_hal_tim.o
LOAD Drivers\STM32F4xx_HAL_Driver\Src\stm32f4xx_hal_tim_ex.o
LOAD Src\car_game_definitions.o
LOAD Src\display_functions.o
LOAD Src\gpio.o
LOAD Src\i2c.o
LOAD Src\main.o
LOAD Src\stm32f4xx_hal_msp.o
LOAD Src\stm32f4xx_it.o
START GROUP
LOAD c:/program files (x86)/atollic/truestudio for arm 6.0.0/armtools/bin/../lib/gcc/arm-atollic-eabi/5.3.1/../../../../arm-atollic-eabi/lib/armv7e-m/fpu\libc.a
LOAD c:/program files (x86)/atollic/truestudio for arm 6.0.0/armtools/bin/../lib/gcc/arm-atollic-eabi/5.3.1/../../../../arm-atollic-eabi/lib/armv7e-m/fpu\libm.a
END GROUP
                0x00000080                malloc_getpagesize_P = 0x80
START GROUP
LOAD c:/program files (x86)/atollic/truestudio for arm 6.0.0/armtools/bin/../lib/gcc/arm-atollic-eabi/5.3.1/armv7e-m/fpu\libgcc.a
LOAD c:/program files (x86)/atollic/truestudio for arm 6.0.0/armtools/bin/../lib/gcc/arm-atollic-eabi/5.3.1/../../../../arm-atollic-eabi/lib/armv7e-m/fpu\libc.a
END GROUP
START GROUP
LOAD c:/program files (x86)/atollic/truestudio for arm 6.0.0/armtools/bin/../lib/gcc/arm-atollic-eabi/5.3.1/armv7e-m/fpu\libgcc.a
LOAD c:/program files (x86)/atollic/truestudio for arm 6.0.0/armtools/bin/../lib/gcc/arm-atollic-eabi/5.3.1/../../../../arm-atollic-eabi/lib/armv7e-m/fpu\libc.a
LOAD c:/program files (x86)/atollic/truestudio for arm 6.0.0/armtools/bin/../lib/gcc/arm-atollic-eabi/5.3.1/../../../../arm-atollic-eabi/lib/armv7e-m/fpu\libnosys.a
END GROUP
LOAD c:/program files (x86)/atollic/truestudio for arm 6.0.0/armtools/bin/../lib/gcc/arm-atollic-eabi/5.3.1/armv7e-m/fpu/crtend.o
LOAD c:/program files (x86)/atollic/truestudio for arm 6.0.0/armtools/bin/../lib/gcc/arm-atollic-eabi/5.3.1/armv7e-m/fpu/crtn.o
                0x20020000                _estack = 0x20020000
                0x00000200                _Min_Heap_Size = 0x200
                0x00000400                _Min_Stack_Size = 0x400

.isr_vector     0x08000000      0x1c4
                0x08000000                . = ALIGN (0x4)
 *(.isr_vector)
 .isr_vector    0x08000000      0x1c4 Drivers\CMSIS\Device\ST\STM32F4xx\Source\Templates\gcc\startup_stm32f446xx.o
                0x08000000                g_pfnVectors
                0x080001c4                . = ALIGN (0x4)

.text           0x080001d0     0x6eb4
                0x080001d0                . = ALIGN (0x4)
 *(.text)
 .text          0x080001d0       0x40 c:/program files (x86)/atollic/truestudio for arm 6.0.0/armtools/bin/../lib/gcc/arm-atollic-eabi/5.3.1/armv7e-m/fpu/crtbegin.o
 .text          0x08000210       0x10 c:/program files (x86)/atollic/truestudio for arm 6.0.0/armtools/bin/../lib/gcc/arm-atollic-eabi/5.3.1/../../../../arm-atollic-eabi/lib/armv7e-m/fpu\libc.a(lib_a-strlen.o)
                0x08000210                strlen
 .text          0x08000220       0xa0 c:/program files (x86)/atollic/truestudio for arm 6.0.0/armtools/bin/../lib/gcc/arm-atollic-eabi/5.3.1/../../../../arm-atollic-eabi/lib/armv7e-m/fpu\libc.a(lib_a-memchr.o)
                0x08000220                memchr
 .text          0x080002c0      0x370 c:/program files (x86)/atollic/truestudio for arm 6.0.0/armtools/bin/../lib/gcc/arm-atollic-eabi/5.3.1/armv7e-m/fpu\libgcc.a(_arm_addsubdf3.o)
                0x080002c0                __aeabi_drsub
                0x080002c8                __aeabi_dsub
                0x080002c8                __subdf3
                0x080002cc                __aeabi_dadd
                0x080002cc                __adddf3
                0x08000544                __floatunsidf
                0x08000544                __aeabi_ui2d
                0x08000564                __floatsidf
                0x08000564                __aeabi_i2d
                0x08000588                __aeabi_f2d
                0x08000588                __extendsfdf2
                0x080005c4                __floatundidf
                0x080005c4                __aeabi_ul2d
                0x080005d4                __floatdidf
                0x080005d4                __aeabi_l2d
 .text          0x08000630      0x424 c:/program files (x86)/atollic/truestudio for arm 6.0.0/armtools/bin/../lib/gcc/arm-atollic-eabi/5.3.1/armv7e-m/fpu\libgcc.a(_arm_muldivdf3.o)
                0x08000630                __aeabi_dmul
                0x08000630                __muldf3
                0x08000884                __divdf3
                0x08000884                __aeabi_ddiv
 .text          0x08000a54      0x110 c:/program files (x86)/atollic/truestudio for arm 6.0.0/armtools/bin/../lib/gcc/arm-atollic-eabi/5.3.1/armv7e-m/fpu\libgcc.a(_arm_cmpdf2.o)
                0x08000a54                __gtdf2
                0x08000a54                __gedf2
                0x08000a5c                __ltdf2
                0x08000a5c                __ledf2
                0x08000a64                __nedf2
                0x08000a64                __eqdf2
                0x08000a64                __cmpdf2
                0x08000ae0                __aeabi_cdrcmple
                0x08000af0                __aeabi_cdcmpeq
                0x08000af0                __aeabi_cdcmple
                0x08000b00                __aeabi_dcmpeq
                0x08000b14                __aeabi_dcmplt
                0x08000b28                __aeabi_dcmple
                0x08000b3c                __aeabi_dcmpge
                0x08000b50                __aeabi_dcmpgt
 .text          0x08000b64       0x2c c:/program files (x86)/atollic/truestudio for arm 6.0.0/armtools/bin/../lib/gcc/arm-atollic-eabi/5.3.1/armv7e-m/fpu\libgcc.a(_arm_unorddf2.o)
                0x08000b64                __unorddf2
                0x08000b64                __aeabi_dcmpun
 .text          0x08000b90       0x50 c:/program files (x86)/atollic/truestudio for arm 6.0.0/armtools/bin/../lib/gcc/arm-atollic-eabi/5.3.1/armv7e-m/fpu\libgcc.a(_arm_fixdfsi.o)
                0x08000b90                __aeabi_d2iz
                0x08000b90                __fixdfsi
 .text          0x08000be0       0x30 c:/program files (x86)/atollic/truestudio for arm 6.0.0/armtools/bin/../lib/gcc/arm-atollic-eabi/5.3.1/armv7e-m/fpu\libgcc.a(_aeabi_uldivmod.o)
                0x08000be0                __aeabi_uldivmod
 .text          0x08000c10      0x2e4 c:/program files (x86)/atollic/truestudio for arm 6.0.0/armtools/bin/../lib/gcc/arm-atollic-eabi/5.3.1/armv7e-m/fpu\libgcc.a(_udivmoddi4.o)
                0x08000c10                __udivmoddi4
 .text          0x08000ef4        0x4 c:/program files (x86)/atollic/truestudio for arm 6.0.0/armtools/bin/../lib/gcc/arm-atollic-eabi/5.3.1/armv7e-m/fpu\libgcc.a(_dvmd_tls.o)
                0x08000ef4                __aeabi_idiv0
                0x08000ef4                __aeabi_ldiv0
 *(.text*)
 .text.Reset_Handler
                0x08000ef8       0x50 Drivers\CMSIS\Device\ST\STM32F4xx\Source\Templates\gcc\startup_stm32f446xx.o
                0x08000ef8                Reset_Handler
 .text.Default_Handler
                0x08000f48        0x2 Drivers\CMSIS\Device\ST\STM32F4xx\Source\Templates\gcc\startup_stm32f446xx.o
                0x08000f48                RTC_Alarm_IRQHandler
                0x08000f48                EXTI2_IRQHandler
                0x08000f48                TIM8_CC_IRQHandler
                0x08000f48                SPI4_IRQHandler
                0x08000f48                TIM1_CC_IRQHandler
                0x08000f48                DMA2_Stream5_IRQHandler
                0x08000f48                DMA1_Stream5_IRQHandler
                0x08000f48                PVD_IRQHandler
                0x08000f48                SDIO_IRQHandler
                0x08000f48                TAMP_STAMP_IRQHandler
                0x08000f48                CAN2_RX1_IRQHandler
                0x08000f48                EXTI3_IRQHandler
                0x08000f48                TIM8_TRG_COM_TIM14_IRQHandler
                0x08000f48                TIM1_UP_TIM10_IRQHandler
                0x08000f48                TIM8_UP_TIM13_IRQHandler
                0x08000f48                I2C3_ER_IRQHandler
                0x08000f48                FMPI2C1_Event_IRQHandler
                0x08000f48                EXTI0_IRQHandler
                0x08000f48                I2C2_EV_IRQHandler
                0x08000f48                DMA1_Stream2_IRQHandler
                0x08000f48                CAN1_RX0_IRQHandler
                0x08000f48                FPU_IRQHandler
                0x08000f48                OTG_HS_WKUP_IRQHandler
                0x08000f48                CAN2_SCE_IRQHandler
                0x08000f48                DMA2_Stream2_IRQHandler
                0x08000f48                SPI1_IRQHandler
                0x08000f48                TIM6_DAC_IRQHandler
                0x08000f48                TIM1_BRK_TIM9_IRQHandler
                0x08000f48                DCMI_IRQHandler
                0x08000f48                CAN2_RX0_IRQHandler
                0x08000f48                DMA2_Stream3_IRQHandler
                0x08000f48                SAI2_IRQHandler
                0x08000f48                USART6_IRQHandler
                0x08000f48                USART3_IRQHandler
                0x08000f48                CAN1_RX1_IRQHandler
                0x08000f48                UART5_IRQHandler
                0x08000f48                DMA2_Stream0_IRQHandler
                0x08000f48                TIM4_IRQHandler
                0x08000f48                QUADSPI_IRQHandler
                0x08000f48                I2C1_EV_IRQHandler
                0x08000f48                DMA1_Stream6_IRQHandler
                0x08000f48                DMA1_Stream1_IRQHandler
                0x08000f48                UART4_IRQHandler
                0x08000f48                TIM3_IRQHandler
                0x08000f48                RCC_IRQHandler
                0x08000f48                TIM8_BRK_TIM12_IRQHandler
                0x08000f48                Default_Handler
                0x08000f48                CEC_IRQHandler
                0x08000f48                EXTI15_10_IRQHandler
                0x08000f48                ADC_IRQHandler
                0x08000f48                DMA1_Stream7_IRQHandler
                0x08000f48                TIM7_IRQHandler
                0x08000f48                CAN2_TX_IRQHandler
                0x08000f48                TIM5_IRQHandler
                0x08000f48                DMA2_Stream7_IRQHandler
                0x08000f48                I2C3_EV_IRQHandler
                0x08000f48                EXTI9_5_IRQHandler
                0x08000f48                RTC_WKUP_IRQHandler
                0x08000f48                SPDIF_RX_IRQHandler
                0x08000f48                SPI2_IRQHandler
                0x08000f48                OTG_HS_EP1_IN_IRQHandler
                0x08000f48                DMA1_Stream0_IRQHandler
                0x08000f48                CAN1_TX_IRQHandler
                0x08000f48                EXTI4_IRQHandler
                0x08000f48                OTG_HS_EP1_OUT_IRQHandler
                0x08000f48                WWDG_IRQHandler
                0x08000f48                TIM2_IRQHandler
                0x08000f48                OTG_FS_WKUP_IRQHandler
                0x08000f48                TIM1_TRG_COM_TIM11_IRQHandler
                0x08000f48                OTG_HS_IRQHandler
                0x08000f48                EXTI1_IRQHandler
                0x08000f48                USART2_IRQHandler
                0x08000f48                I2C2_ER_IRQHandler
                0x08000f48                DMA2_Stream1_IRQHandler
                0x08000f48                CAN1_SCE_IRQHandler
                0x08000f48                FLASH_IRQHandler
                0x08000f48                DMA2_Stream4_IRQHandler
                0x08000f48                USART1_IRQHandler
                0x08000f48                OTG_FS_IRQHandler
                0x08000f48                SPI3_IRQHandler
                0x08000f48                DMA1_Stream4_IRQHandler
                0x08000f48                I2C1_ER_IRQHandler
                0x08000f48                FMC_IRQHandler
                0x08000f48                DMA2_Stream6_IRQHandler
                0x08000f48                SAI1_IRQHandler
                0x08000f48                DMA1_Stream3_IRQHandler
                0x08000f48                FMPI2C1_Error_IRQHandler
 *fill*         0x08000f4a        0x2 
 .text.SystemInit
                0x08000f4c       0x4c Drivers\CMSIS\Device\ST\STM32F4xx\Source\Templates\system_stm32f4xx.o
                0x08000f4c                SystemInit
 .text.HAL_InitTick
                0x08000f98       0x28 Drivers\STM32F4xx_HAL_Driver\Src\stm32f4xx_hal.o
                0x08000f98                HAL_InitTick
 .text.HAL_Init
                0x08000fc0       0x34 Drivers\STM32F4xx_HAL_Driver\Src\stm32f4xx_hal.o
                0x08000fc0                HAL_Init
 .text.HAL_IncTick
                0x08000ff4       0x10 Drivers\STM32F4xx_HAL_Driver\Src\stm32f4xx_hal.o
                0x08000ff4                HAL_IncTick
 .text.HAL_GetTick
                0x08001004        0xc Drivers\STM32F4xx_HAL_Driver\Src\stm32f4xx_hal.o
                0x08001004                HAL_GetTick
 .text.HAL_Delay
                0x08001010       0x1a Drivers\STM32F4xx_HAL_Driver\Src\stm32f4xx_hal.o
                0x08001010                HAL_Delay
 *fill*         0x0800102a        0x2 
 .text.HAL_NVIC_SetPriorityGrouping
                0x0800102c       0x24 Drivers\STM32F4xx_HAL_Driver\Src\stm32f4xx_hal_cortex.o
                0x0800102c                HAL_NVIC_SetPriorityGrouping
 .text.HAL_NVIC_SetPriority
                0x08001050       0x68 Drivers\STM32F4xx_HAL_Driver\Src\stm32f4xx_hal_cortex.o
                0x08001050                HAL_NVIC_SetPriority
 .text.HAL_SYSTICK_Config
                0x080010b8       0x2c Drivers\STM32F4xx_HAL_Driver\Src\stm32f4xx_hal_cortex.o
                0x080010b8                HAL_SYSTICK_Config
 .text.HAL_SYSTICK_CLKSourceConfig
                0x080010e4       0x18 Drivers\STM32F4xx_HAL_Driver\Src\stm32f4xx_hal_cortex.o
                0x080010e4                HAL_SYSTICK_CLKSourceConfig
 .text.HAL_SYSTICK_Callback
                0x080010fc        0x2 Drivers\STM32F4xx_HAL_Driver\Src\stm32f4xx_hal_cortex.o
                0x080010fc                HAL_SYSTICK_Callback
 .text.HAL_SYSTICK_IRQHandler
                0x080010fe        0x8 Drivers\STM32F4xx_HAL_Driver\Src\stm32f4xx_hal_cortex.o
                0x080010fe                HAL_SYSTICK_IRQHandler
 *fill*         0x08001106        0x2 
 .text.HAL_GPIO_Init
                0x08001108      0x1b4 Drivers\STM32F4xx_HAL_Driver\Src\stm32f4xx_hal_gpio.o
                0x08001108                HAL_GPIO_Init
 .text.HAL_GPIO_ReadPin
                0x080012bc        0xc Drivers\STM32F4xx_HAL_Driver\Src\stm32f4xx_hal_gpio.o
                0x080012bc                HAL_GPIO_ReadPin
 .text.HAL_GPIO_WritePin
                0x080012c8        0x8 Drivers\STM32F4xx_HAL_Driver\Src\stm32f4xx_hal_gpio.o
                0x080012c8                HAL_GPIO_WritePin
 .text.I2C_IsAcknowledgeFailed
                0x080012d0       0x2a Drivers\STM32F4xx_HAL_Driver\Src\stm32f4xx_hal_i2c.o
 .text.I2C_WaitOnMasterAddressFlagUntilTimeout
                0x080012fa       0x82 Drivers\STM32F4xx_HAL_Driver\Src\stm32f4xx_hal_i2c.o
 .text.I2C_WaitOnFlagUntilTimeout
                0x0800137c       0x5e Drivers\STM32F4xx_HAL_Driver\Src\stm32f4xx_hal_i2c.o
 .text.I2C_WaitOnTXEFlagUntilTimeout
                0x080013da       0x4c Drivers\STM32F4xx_HAL_Driver\Src\stm32f4xx_hal_i2c.o
 .text.I2C_WaitOnBTFFlagUntilTimeout
                0x08001426       0x4c Drivers\STM32F4xx_HAL_Driver\Src\stm32f4xx_hal_i2c.o
 *fill*         0x08001472        0x2 
 .text.HAL_I2C_Init
                0x08001474       0xdc Drivers\STM32F4xx_HAL_Driver\Src\stm32f4xx_hal_i2c.o
                0x08001474                HAL_I2C_Init
 .text.HAL_I2C_Master_Transmit
                0x08001550      0x1ac Drivers\STM32F4xx_HAL_Driver\Src\stm32f4xx_hal_i2c.o
                0x08001550                HAL_I2C_Master_Transmit
 .text.HAL_RCC_ClockConfig
                0x080016fc      0x168 Drivers\STM32F4xx_HAL_Driver\Src\stm32f4xx_hal_rcc.o
                0x080016fc                HAL_RCC_ClockConfig
 .text.HAL_RCC_GetHCLKFreq
                0x08001864        0xc Drivers\STM32F4xx_HAL_Driver\Src\stm32f4xx_hal_rcc.o
                0x08001864                HAL_RCC_GetHCLKFreq
 .text.HAL_RCC_GetPCLK1Freq
                0x08001870       0x30 Drivers\STM32F4xx_HAL_Driver\Src\stm32f4xx_hal_rcc.o
                0x08001870                HAL_RCC_GetPCLK1Freq
 .text.HAL_RCC_OscConfig
                0x080018a0      0x304 Drivers\STM32F4xx_HAL_Driver\Src\stm32f4xx_hal_rcc_ex.o
                0x080018a0                HAL_RCC_OscConfig
 .text.HAL_RCC_GetSysClockFreq
                0x08001ba4       0xd0 Drivers\STM32F4xx_HAL_Driver\Src\stm32f4xx_hal_rcc_ex.o
                0x08001ba4                HAL_RCC_GetSysClockFreq
 .text.create_cars_characters
                0x08001c74       0x20 Src\car_game_definitions.o
                0x08001c74                create_cars_characters
 .text.show_you_died_message
                0x08001c94       0x4c Src\car_game_definitions.o
                0x08001c94                show_you_died_message
 .text.show_error_message
                0x08001ce0       0x2c Src\car_game_definitions.o
                0x08001ce0                show_error_message
 .text.print_hero_car
                0x08001d0c       0x22 Src\car_game_definitions.o
                0x08001d0c                print_hero_car
 *fill*         0x08001d2e        0x2 
 .text.print_score
                0x08001d30       0x34 Src\car_game_definitions.o
                0x08001d30                print_score
 .text.print_level
                0x08001d64       0x34 Src\car_game_definitions.o
                0x08001d64                print_level
 .text.listen_hero_controls
                0x08001d98       0x7c Src\car_game_definitions.o
                0x08001d98                listen_hero_controls
 .text.level_send_cars
                0x08001e14      0x100 Src\car_game_definitions.o
                0x08001e14                level_send_cars
 .text.execute_level
                0x08001f14       0xc8 Src\car_game_definitions.o
                0x08001f14                execute_level
 .text.default_transmit
                0x08001fdc       0x1c Src\display_functions.o
                0x08001fdc                default_transmit
 .text.activate_display
                0x08001ff8       0x1c Src\display_functions.o
                0x08001ff8                activate_display
 .text.clear_display
                0x08002014       0x1c Src\display_functions.o
                0x08002014                clear_display
 .text.create_new_character
                0x08002030       0x50 Src\display_functions.o
                0x08002030                create_new_character
 .text.validate_position
                0x08002080       0x38 Src\display_functions.o
                0x08002080                validate_position
 .text.set_cursor_position
                0x080020b8       0x4c Src\display_functions.o
                0x080020b8                set_cursor_position
 .text.compare_positions
                0x08002104       0x28 Src\display_functions.o
                0x08002104                compare_positions
 .text.move_char
                0x0800212c       0xe0 Src\display_functions.o
                0x0800212c                move_char
 .text.clear_area
                0x0800220c       0x22 Src\display_functions.o
                0x0800220c                clear_area
 .text.clear_position
                0x0800222e        0xe Src\display_functions.o
                0x0800222e                clear_position
 .text.display_cmd_delay
                0x0800223c        0x4 Src\display_functions.o
                0x0800223c                display_cmd_delay
 .text.MX_GPIO_Init
                0x08002240       0x88 Src\gpio.o
                0x08002240                MX_GPIO_Init
 .text.MX_I2C1_Init
                0x080022c8       0x3c Src\i2c.o
                0x080022c8                MX_I2C1_Init
 .text.HAL_I2C_MspInit
                0x08002304       0x54 Src\i2c.o
                0x08002304                HAL_I2C_MspInit
 .text.SystemClock_Config
                0x08002358       0x90 Src\main.o
                0x08002358                SystemClock_Config
 .text.startup.main
                0x080023e8       0x78 Src\main.o
                0x080023e8                main
 .text.Error_Handler
                0x08002460        0x2 Src\main.o
                0x08002460                Error_Handler
 .text.HAL_MspInit
                0x08002462       0x60 Src\stm32f4xx_hal_msp.o
                0x08002462                HAL_MspInit
 .text.NMI_Handler
                0x080024c2        0x2 Src\stm32f4xx_it.o
                0x080024c2                NMI_Handler
 .text.HardFault_Handler
                0x080024c4        0x2 Src\stm32f4xx_it.o
                0x080024c4                HardFault_Handler
 .text.MemManage_Handler
                0x080024c6        0x2 Src\stm32f4xx_it.o
                0x080024c6                MemManage_Handler
 .text.BusFault_Handler
                0x080024c8        0x2 Src\stm32f4xx_it.o
                0x080024c8                BusFault_Handler
 .text.UsageFault_Handler
                0x080024ca        0x2 Src\stm32f4xx_it.o
                0x080024ca                UsageFault_Handler
 .text.SVC_Handler
                0x080024cc        0x2 Src\stm32f4xx_it.o
                0x080024cc                SVC_Handler
 .text.DebugMon_Handler
                0x080024ce        0x2 Src\stm32f4xx_it.o
                0x080024ce                DebugMon_Handler
 .text.PendSV_Handler
                0x080024d0        0x2 Src\stm32f4xx_it.o
                0x080024d0                PendSV_Handler
 .text.SysTick_Handler
                0x080024d2        0xe Src\stm32f4xx_it.o
                0x080024d2                SysTick_Handler
 .text.__libc_init_array
                0x080024e0       0x4c c:/program files (x86)/atollic/truestudio for arm 6.0.0/armtools/bin/../lib/gcc/arm-atollic-eabi/5.3.1/../../../../arm-atollic-eabi/lib/armv7e-m/fpu\libc.a(lib_a-init.o)
                0x080024e0                __libc_init_array
 .text.printf   0x0800252c       0x30 c:/program files (x86)/atollic/truestudio for arm 6.0.0/armtools/bin/../lib/gcc/arm-atollic-eabi/5.3.1/../../../../arm-atollic-eabi/lib/armv7e-m/fpu\libc.a(lib_a-printf.o)
                0x0800252c                printf
 .text.srand    0x0800255c       0x50 c:/program files (x86)/atollic/truestudio for arm 6.0.0/armtools/bin/../lib/gcc/arm-atollic-eabi/5.3.1/../../../../arm-atollic-eabi/lib/armv7e-m/fpu\libc.a(lib_a-rand.o)
                0x0800255c                srand
 .text.rand     0x080025ac       0x74 c:/program files (x86)/atollic/truestudio for arm 6.0.0/armtools/bin/../lib/gcc/arm-atollic-eabi/5.3.1/../../../../arm-atollic-eabi/lib/armv7e-m/fpu\libc.a(lib_a-rand.o)
                0x080025ac                rand
 .text.sprintf  0x08002620       0x48 c:/program files (x86)/atollic/truestudio for arm 6.0.0/armtools/bin/../lib/gcc/arm-atollic-eabi/5.3.1/../../../../arm-atollic-eabi/lib/armv7e-m/fpu\libc.a(lib_a-sprintf.o)
                0x08002620                sprintf
 .text._svfprintf_r
                0x08002668      0xf84 c:/program files (x86)/atollic/truestudio for arm 6.0.0/armtools/bin/../lib/gcc/arm-atollic-eabi/5.3.1/../../../../arm-atollic-eabi/lib/armv7e-m/fpu\libc.a(lib_a-svfprintf.o)
                0x08002668                _svfprintf_r
 .text.time     0x080035ec       0x28 c:/program files (x86)/atollic/truestudio for arm 6.0.0/armtools/bin/../lib/gcc/arm-atollic-eabi/5.3.1/../../../../arm-atollic-eabi/lib/armv7e-m/fpu\libc.a(lib_a-time.o)
                0x080035ec                time
 *fill*         0x08003614        0x4 
 .text._vfprintf_r
                0x08003618      0xff4 c:/program files (x86)/atollic/truestudio for arm 6.0.0/armtools/bin/../lib/gcc/arm-atollic-eabi/5.3.1/../../../../arm-atollic-eabi/lib/armv7e-m/fpu\libc.a(lib_a-vfprintf.o)
                0x08003618                _vfprintf_r
 .text.__sbprintf
                0x0800460c       0x6c c:/program files (x86)/atollic/truestudio for arm 6.0.0/armtools/bin/../lib/gcc/arm-atollic-eabi/5.3.1/../../../../arm-atollic-eabi/lib/armv7e-m/fpu\libc.a(lib_a-vfprintf.o)
 .text.__swsetup_r
                0x08004678       0xdc c:/program files (x86)/atollic/truestudio for arm 6.0.0/armtools/bin/../lib/gcc/arm-atollic-eabi/5.3.1/../../../../arm-atollic-eabi/lib/armv7e-m/fpu\libc.a(lib_a-wsetup.o)
                0x08004678                __swsetup_r
 .text.quorem   0x08004754      0x11e c:/program files (x86)/atollic/truestudio for arm 6.0.0/armtools/bin/../lib/gcc/arm-atollic-eabi/5.3.1/../../../../arm-atollic-eabi/lib/armv7e-m/fpu\libc.a(lib_a-dtoa.o)
 *fill*         0x08004872        0x6 
 .text._dtoa_r  0x08004878      0xb40 c:/program files (x86)/atollic/truestudio for arm 6.0.0/armtools/bin/../lib/gcc/arm-atollic-eabi/5.3.1/../../../../arm-atollic-eabi/lib/armv7e-m/fpu\libc.a(lib_a-dtoa.o)
                0x08004878                _dtoa_r
 .text.__sflush_r
                0x080053b8      0x120 c:/program files (x86)/atollic/truestudio for arm 6.0.0/armtools/bin/../lib/gcc/arm-atollic-eabi/5.3.1/../../../../arm-atollic-eabi/lib/armv7e-m/fpu\libc.a(lib_a-fflush.o)
                0x080053b8                __sflush_r
 .text._fflush_r
                0x080054d8       0x54 c:/program files (x86)/atollic/truestudio for arm 6.0.0/armtools/bin/../lib/gcc/arm-atollic-eabi/5.3.1/../../../../arm-atollic-eabi/lib/armv7e-m/fpu\libc.a(lib_a-fflush.o)
                0x080054d8                _fflush_r
 .text._cleanup_r
                0x0800552c        0xc c:/program files (x86)/atollic/truestudio for arm 6.0.0/armtools/bin/../lib/gcc/arm-atollic-eabi/5.3.1/../../../../arm-atollic-eabi/lib/armv7e-m/fpu\libc.a(lib_a-findfp.o)
                0x0800552c                _cleanup_r
 .text.std.isra.0
                0x08005538       0x48 c:/program files (x86)/atollic/truestudio for arm 6.0.0/armtools/bin/../lib/gcc/arm-atollic-eabi/5.3.1/../../../../arm-atollic-eabi/lib/armv7e-m/fpu\libc.a(lib_a-findfp.o)
 .text.__sfmoreglue
                0x08005580       0x2c c:/program files (x86)/atollic/truestudio for arm 6.0.0/armtools/bin/../lib/gcc/arm-atollic-eabi/5.3.1/../../../../arm-atollic-eabi/lib/armv7e-m/fpu\libc.a(lib_a-findfp.o)
                0x08005580                __sfmoreglue
 .text.__sinit  0x080055ac       0x68 c:/program files (x86)/atollic/truestudio for arm 6.0.0/armtools/bin/../lib/gcc/arm-atollic-eabi/5.3.1/../../../../arm-atollic-eabi/lib/armv7e-m/fpu\libc.a(lib_a-findfp.o)
                0x080055ac                __sinit
 .text.__sfp    0x08005614       0x78 c:/program files (x86)/atollic/truestudio for arm 6.0.0/armtools/bin/../lib/gcc/arm-atollic-eabi/5.3.1/../../../../arm-atollic-eabi/lib/armv7e-m/fpu\libc.a(lib_a-findfp.o)
                0x08005614                __sfp
 .text.__sfp_lock_acquire
                0x0800568c        0x2 c:/program files (x86)/atollic/truestudio for arm 6.0.0/armtools/bin/../lib/gcc/arm-atollic-eabi/5.3.1/../../../../arm-atollic-eabi/lib/armv7e-m/fpu\libc.a(lib_a-findfp.o)
                0x0800568c                __sfp_lock_acquire
 .text.__sfp_lock_release
                0x0800568e        0x2 c:/program files (x86)/atollic/truestudio for arm 6.0.0/armtools/bin/../lib/gcc/arm-atollic-eabi/5.3.1/../../../../arm-atollic-eabi/lib/armv7e-m/fpu\libc.a(lib_a-findfp.o)
                0x0800568e                __sfp_lock_release
 .text._malloc_trim_r
                0x08005690       0xac c:/program files (x86)/atollic/truestudio for arm 6.0.0/armtools/bin/../lib/gcc/arm-atollic-eabi/5.3.1/../../../../arm-atollic-eabi/lib/armv7e-m/fpu\libc.a(lib_a-freer.o)
                0x08005690                _malloc_trim_r
 .text._free_r  0x0800573c      0x17c c:/program files (x86)/atollic/truestudio for arm 6.0.0/armtools/bin/../lib/gcc/arm-atollic-eabi/5.3.1/../../../../arm-atollic-eabi/lib/armv7e-m/fpu\libc.a(lib_a-freer.o)
                0x0800573c                _free_r
 .text._fwalk_reent
                0x080058b8       0x3c c:/program files (x86)/atollic/truestudio for arm 6.0.0/armtools/bin/../lib/gcc/arm-atollic-eabi/5.3.1/../../../../arm-atollic-eabi/lib/armv7e-m/fpu\libc.a(lib_a-fwalk.o)
                0x080058b8                _fwalk_reent
 .text._gettimeofday_r
                0x080058f4       0x24 c:/program files (x86)/atollic/truestudio for arm 6.0.0/armtools/bin/../lib/gcc/arm-atollic-eabi/5.3.1/../../../../arm-atollic-eabi/lib/armv7e-m/fpu\libc.a(lib_a-gettimeofdayr.o)
                0x080058f4                _gettimeofday_r
 .text.__locale_charset
                0x08005918        0x8 c:/program files (x86)/atollic/truestudio for arm 6.0.0/armtools/bin/../lib/gcc/arm-atollic-eabi/5.3.1/../../../../arm-atollic-eabi/lib/armv7e-m/fpu\libc.a(lib_a-locale.o)
                0x08005918                __locale_charset
 .text.__locale_mb_cur_max
                0x08005920        0xc c:/program files (x86)/atollic/truestudio for arm 6.0.0/armtools/bin/../lib/gcc/arm-atollic-eabi/5.3.1/../../../../arm-atollic-eabi/lib/armv7e-m/fpu\libc.a(lib_a-locale.o)
                0x08005920                __locale_mb_cur_max
 .text._localeconv_r
                0x0800592c        0x8 c:/program files (x86)/atollic/truestudio for arm 6.0.0/armtools/bin/../lib/gcc/arm-atollic-eabi/5.3.1/../../../../arm-atollic-eabi/lib/armv7e-m/fpu\libc.a(lib_a-locale.o)
                0x0800592c                _localeconv_r
 .text.__swhatbuf_r
                0x08005934       0x58 c:/program files (x86)/atollic/truestudio for arm 6.0.0/armtools/bin/../lib/gcc/arm-atollic-eabi/5.3.1/../../../../arm-atollic-eabi/lib/armv7e-m/fpu\libc.a(lib_a-makebuf.o)
                0x08005934                __swhatbuf_r
 .text.__smakebuf_r
                0x0800598c       0x78 c:/program files (x86)/atollic/truestudio for arm 6.0.0/armtools/bin/../lib/gcc/arm-atollic-eabi/5.3.1/../../../../arm-atollic-eabi/lib/armv7e-m/fpu\libc.a(lib_a-makebuf.o)
                0x0800598c                __smakebuf_r
 .text.malloc   0x08005a04       0x10 c:/program files (x86)/atollic/truestudio for arm 6.0.0/armtools/bin/../lib/gcc/arm-atollic-eabi/5.3.1/../../../../arm-atollic-eabi/lib/armv7e-m/fpu\libc.a(lib_a-malloc.o)
                0x08005a04                malloc
 .text._malloc_r
                0x08005a14      0x440 c:/program files (x86)/atollic/truestudio for arm 6.0.0/armtools/bin/../lib/gcc/arm-atollic-eabi/5.3.1/../../../../arm-atollic-eabi/lib/armv7e-m/fpu\libc.a(lib_a-mallocr.o)
                0x08005a14                _malloc_r
 .text.memcpy   0x08005e54       0x16 c:/program files (x86)/atollic/truestudio for arm 6.0.0/armtools/bin/../lib/gcc/arm-atollic-eabi/5.3.1/../../../../arm-atollic-eabi/lib/armv7e-m/fpu\libc.a(lib_a-memcpy-stub.o)
                0x08005e54                memcpy
 .text.memset   0x08005e6a       0x10 c:/program files (x86)/atollic/truestudio for arm 6.0.0/armtools/bin/../lib/gcc/arm-atollic-eabi/5.3.1/../../../../arm-atollic-eabi/lib/armv7e-m/fpu\libc.a(lib_a-memset.o)
                0x08005e6a                memset
 .text.__malloc_lock
                0x08005e7a        0x2 c:/program files (x86)/atollic/truestudio for arm 6.0.0/armtools/bin/../lib/gcc/arm-atollic-eabi/5.3.1/../../../../arm-atollic-eabi/lib/armv7e-m/fpu\libc.a(lib_a-mlock.o)
                0x08005e7a                __malloc_lock
 .text.__malloc_unlock
                0x08005e7c        0x2 c:/program files (x86)/atollic/truestudio for arm 6.0.0/armtools/bin/../lib/gcc/arm-atollic-eabi/5.3.1/../../../../arm-atollic-eabi/lib/armv7e-m/fpu\libc.a(lib_a-mlock.o)
                0x08005e7c                __malloc_unlock
 .text._Balloc  0x08005e7e       0x6a c:/program files (x86)/atollic/truestudio for arm 6.0.0/armtools/bin/../lib/gcc/arm-atollic-eabi/5.3.1/../../../../arm-atollic-eabi/lib/armv7e-m/fpu\libc.a(lib_a-mprec.o)
                0x08005e7e                _Balloc
 .text._Bfree   0x08005ee8       0x2e c:/program files (x86)/atollic/truestudio for arm 6.0.0/armtools/bin/../lib/gcc/arm-atollic-eabi/5.3.1/../../../../arm-atollic-eabi/lib/armv7e-m/fpu\libc.a(lib_a-mprec.o)
                0x08005ee8                _Bfree
 .text.__multadd
                0x08005f16       0x76 c:/program files (x86)/atollic/truestudio for arm 6.0.0/armtools/bin/../lib/gcc/arm-atollic-eabi/5.3.1/../../../../arm-atollic-eabi/lib/armv7e-m/fpu\libc.a(lib_a-mprec.o)
                0x08005f16                __multadd
 .text.__hi0bits
                0x08005f8c       0x40 c:/program files (x86)/atollic/truestudio for arm 6.0.0/armtools/bin/../lib/gcc/arm-atollic-eabi/5.3.1/../../../../arm-atollic-eabi/lib/armv7e-m/fpu\libc.a(lib_a-mprec.o)
                0x08005f8c                __hi0bits
 .text.__lo0bits
                0x08005fcc       0x5a c:/program files (x86)/atollic/truestudio for arm 6.0.0/armtools/bin/../lib/gcc/arm-atollic-eabi/5.3.1/../../../../arm-atollic-eabi/lib/armv7e-m/fpu\libc.a(lib_a-mprec.o)
                0x08005fcc                __lo0bits
 .text.__i2b    0x08006026       0x12 c:/program files (x86)/atollic/truestudio for arm 6.0.0/armtools/bin/../lib/gcc/arm-atollic-eabi/5.3.1/../../../../arm-atollic-eabi/lib/armv7e-m/fpu\libc.a(lib_a-mprec.o)
                0x08006026                __i2b
 .text.__multiply
                0x08006038      0x122 c:/program files (x86)/atollic/truestudio for arm 6.0.0/armtools/bin/../lib/gcc/arm-atollic-eabi/5.3.1/../../../../arm-atollic-eabi/lib/armv7e-m/fpu\libc.a(lib_a-mprec.o)
                0x08006038                __multiply
 *fill*         0x0800615a        0x2 
 .text.__pow5mult
                0x0800615c       0x9c c:/program files (x86)/atollic/truestudio for arm 6.0.0/armtools/bin/../lib/gcc/arm-atollic-eabi/5.3.1/../../../../arm-atollic-eabi/lib/armv7e-m/fpu\libc.a(lib_a-mprec.o)
                0x0800615c                __pow5mult
 .text.__lshift
                0x080061f8       0xa2 c:/program files (x86)/atollic/truestudio for arm 6.0.0/armtools/bin/../lib/gcc/arm-atollic-eabi/5.3.1/../../../../arm-atollic-eabi/lib/armv7e-m/fpu\libc.a(lib_a-mprec.o)
                0x080061f8                __lshift
 .text.__mcmp   0x0800629a       0x38 c:/program files (x86)/atollic/truestudio for arm 6.0.0/armtools/bin/../lib/gcc/arm-atollic-eabi/5.3.1/../../../../arm-atollic-eabi/lib/armv7e-m/fpu\libc.a(lib_a-mprec.o)
                0x0800629a                __mcmp
 .text.__mdiff  0x080062d2       0xbe c:/program files (x86)/atollic/truestudio for arm 6.0.0/armtools/bin/../lib/gcc/arm-atollic-eabi/5.3.1/../../../../arm-atollic-eabi/lib/armv7e-m/fpu\libc.a(lib_a-mprec.o)
                0x080062d2                __mdiff
 .text.__d2b    0x08006390       0x9c c:/program files (x86)/atollic/truestudio for arm 6.0.0/armtools/bin/../lib/gcc/arm-atollic-eabi/5.3.1/../../../../arm-atollic-eabi/lib/armv7e-m/fpu\libc.a(lib_a-mprec.o)
                0x08006390                __d2b
 .text._sbrk_r  0x0800642c       0x20 c:/program files (x86)/atollic/truestudio for arm 6.0.0/armtools/bin/../lib/gcc/arm-atollic-eabi/5.3.1/../../../../arm-atollic-eabi/lib/armv7e-m/fpu\libc.a(lib_a-sbrkr.o)
                0x0800642c                _sbrk_r
 .text.__sread  0x0800644c       0x22 c:/program files (x86)/atollic/truestudio for arm 6.0.0/armtools/bin/../lib/gcc/arm-atollic-eabi/5.3.1/../../../../arm-atollic-eabi/lib/armv7e-m/fpu\libc.a(lib_a-stdio.o)
                0x0800644c                __sread
 .text.__swrite
                0x0800646e       0x38 c:/program files (x86)/atollic/truestudio for arm 6.0.0/armtools/bin/../lib/gcc/arm-atollic-eabi/5.3.1/../../../../arm-atollic-eabi/lib/armv7e-m/fpu\libc.a(lib_a-stdio.o)
                0x0800646e                __swrite
 .text.__sseek  0x080064a6       0x24 c:/program files (x86)/atollic/truestudio for arm 6.0.0/armtools/bin/../lib/gcc/arm-atollic-eabi/5.3.1/../../../../arm-atollic-eabi/lib/armv7e-m/fpu\libc.a(lib_a-stdio.o)
                0x080064a6                __sseek
 .text.__sclose
                0x080064ca        0x8 c:/program files (x86)/atollic/truestudio for arm 6.0.0/armtools/bin/../lib/gcc/arm-atollic-eabi/5.3.1/../../../../arm-atollic-eabi/lib/armv7e-m/fpu\libc.a(lib_a-stdio.o)
                0x080064ca                __sclose
 .text.__ssprint_r
                0x080064d2       0xfe c:/program files (x86)/atollic/truestudio for arm 6.0.0/armtools/bin/../lib/gcc/arm-atollic-eabi/5.3.1/../../../../arm-atollic-eabi/lib/armv7e-m/fpu\libc.a(lib_a-svfiprintf.o)
                0x080064d2                __ssprint_r
 .text.__sprint_r
                0x080065d0       0x64 c:/program files (x86)/atollic/truestudio for arm 6.0.0/armtools/bin/../lib/gcc/arm-atollic-eabi/5.3.1/../../../../arm-atollic-eabi/lib/armv7e-m/fpu\libc.a(lib_a-vfiprintf.o)
                0x080065d0                __sprint_r
 .text._write_r
                0x08006634       0x24 c:/program files (x86)/atollic/truestudio for arm 6.0.0/armtools/bin/../lib/gcc/arm-atollic-eabi/5.3.1/../../../../arm-atollic-eabi/lib/armv7e-m/fpu\libc.a(lib_a-writer.o)
                0x08006634                _write_r
 .text._calloc_r
                0x08006658       0x5a c:/program files (x86)/atollic/truestudio for arm 6.0.0/armtools/bin/../lib/gcc/arm-atollic-eabi/5.3.1/../../../../arm-atollic-eabi/lib/armv7e-m/fpu\libc.a(lib_a-callocr.o)
                0x08006658                _calloc_r
 *fill*         0x080066b2        0x2 
 .text._close_r
                0x080066b4       0x20 c:/program files (x86)/atollic/truestudio for arm 6.0.0/armtools/bin/../lib/gcc/arm-atollic-eabi/5.3.1/../../../../arm-atollic-eabi/lib/armv7e-m/fpu\libc.a(lib_a-closer.o)
                0x080066b4                _close_r
 .text._fclose_r
                0x080066d4       0xa4 c:/program files (x86)/atollic/truestudio for arm 6.0.0/armtools/bin/../lib/gcc/arm-atollic-eabi/5.3.1/../../../../arm-atollic-eabi/lib/armv7e-m/fpu\libc.a(lib_a-fclose.o)
                0x080066d4                _fclose_r
 .text.__fputwc
                0x08006778       0x7e c:/program files (x86)/atollic/truestudio for arm 6.0.0/armtools/bin/../lib/gcc/arm-atollic-eabi/5.3.1/../../../../arm-atollic-eabi/lib/armv7e-m/fpu\libc.a(lib_a-fputwc.o)
                0x08006778                __fputwc
 .text._fputwc_r
                0x080067f6       0x20 c:/program files (x86)/atollic/truestudio for arm 6.0.0/armtools/bin/../lib/gcc/arm-atollic-eabi/5.3.1/../../../../arm-atollic-eabi/lib/armv7e-m/fpu\libc.a(lib_a-fputwc.o)
                0x080067f6                _fputwc_r
 *fill*         0x08006816        0x2 
 .text._fstat_r
                0x08006818       0x24 c:/program files (x86)/atollic/truestudio for arm 6.0.0/armtools/bin/../lib/gcc/arm-atollic-eabi/5.3.1/../../../../arm-atollic-eabi/lib/armv7e-m/fpu\libc.a(lib_a-fstatr.o)
                0x08006818                _fstat_r
 .text.__sfvwrite_r
                0x0800683c      0x294 c:/program files (x86)/atollic/truestudio for arm 6.0.0/armtools/bin/../lib/gcc/arm-atollic-eabi/5.3.1/../../../../arm-atollic-eabi/lib/armv7e-m/fpu\libc.a(lib_a-fvwrite.o)
                0x0800683c                __sfvwrite_r
 .text._isatty_r
                0x08006ad0       0x20 c:/program files (x86)/atollic/truestudio for arm 6.0.0/armtools/bin/../lib/gcc/arm-atollic-eabi/5.3.1/../../../../arm-atollic-eabi/lib/armv7e-m/fpu\libc.a(lib_a-isattyr.o)
                0x08006ad0                _isatty_r
 .text._lseek_r
                0x08006af0       0x24 c:/program files (x86)/atollic/truestudio for arm 6.0.0/armtools/bin/../lib/gcc/arm-atollic-eabi/5.3.1/../../../../arm-atollic-eabi/lib/armv7e-m/fpu\libc.a(lib_a-lseekr.o)
                0x08006af0                _lseek_r
 .text.memmove  0x08006b14       0x36 c:/program files (x86)/atollic/truestudio for arm 6.0.0/armtools/bin/../lib/gcc/arm-atollic-eabi/5.3.1/../../../../arm-atollic-eabi/lib/armv7e-m/fpu\libc.a(lib_a-memmove.o)
                0x08006b14                memmove
 *fill*         0x08006b4a        0x2 
 .text._read_r  0x08006b4c       0x24 c:/program files (x86)/atollic/truestudio for arm 6.0.0/armtools/bin/../lib/gcc/arm-atollic-eabi/5.3.1/../../../../arm-atollic-eabi/lib/armv7e-m/fpu\libc.a(lib_a-readr.o)
                0x08006b4c                _read_r
 .text._realloc_r
                0x08006b70      0x350 c:/program files (x86)/atollic/truestudio for arm 6.0.0/armtools/bin/../lib/gcc/arm-atollic-eabi/5.3.1/../../../../arm-atollic-eabi/lib/armv7e-m/fpu\libc.a(lib_a-reallocr.o)
                0x08006b70                _realloc_r
 .text.__swbuf_r
                0x08006ec0       0xbc c:/program files (x86)/atollic/truestudio for arm 6.0.0/armtools/bin/../lib/gcc/arm-atollic-eabi/5.3.1/../../../../arm-atollic-eabi/lib/armv7e-m/fpu\libc.a(lib_a-wbuf.o)
                0x08006ec0                __swbuf_r
 .text._wcrtomb_r
                0x08006f7c       0x48 c:/program files (x86)/atollic/truestudio for arm 6.0.0/armtools/bin/../lib/gcc/arm-atollic-eabi/5.3.1/../../../../arm-atollic-eabi/lib/armv7e-m/fpu\libc.a(lib_a-wcrtomb.o)
                0x08006f7c                _wcrtomb_r
 .text.__ascii_wctomb
                0x08006fc4       0x1a c:/program files (x86)/atollic/truestudio for arm 6.0.0/armtools/bin/../lib/gcc/arm-atollic-eabi/5.3.1/../../../../arm-atollic-eabi/lib/armv7e-m/fpu\libc.a(lib_a-wctomb_r.o)
                0x08006fc4                __ascii_wctomb
 *fill*         0x08006fde        0x2 
 .text._close   0x08006fe0       0x10 c:/program files (x86)/atollic/truestudio for arm 6.0.0/armtools/bin/../lib/gcc/arm-atollic-eabi/5.3.1/../../../../arm-atollic-eabi/lib/armv7e-m/fpu\libnosys.a(close.o)
                0x08006fe0                _close
 .text._fstat   0x08006ff0       0x10 c:/program files (x86)/atollic/truestudio for arm 6.0.0/armtools/bin/../lib/gcc/arm-atollic-eabi/5.3.1/../../../../arm-atollic-eabi/lib/armv7e-m/fpu\libnosys.a(fstat.o)
                0x08006ff0                _fstat
 .text._gettimeofday
                0x08007000       0x10 c:/program files (x86)/atollic/truestudio for arm 6.0.0/armtools/bin/../lib/gcc/arm-atollic-eabi/5.3.1/../../../../arm-atollic-eabi/lib/armv7e-m/fpu\libnosys.a(gettod.o)
                0x08007000                _gettimeofday
 .text._isatty  0x08007010       0x10 c:/program files (x86)/atollic/truestudio for arm 6.0.0/armtools/bin/../lib/gcc/arm-atollic-eabi/5.3.1/../../../../arm-atollic-eabi/lib/armv7e-m/fpu\libnosys.a(isatty.o)
                0x08007010                _isatty
 .text._lseek   0x08007020       0x10 c:/program files (x86)/atollic/truestudio for arm 6.0.0/armtools/bin/../lib/gcc/arm-atollic-eabi/5.3.1/../../../../arm-atollic-eabi/lib/armv7e-m/fpu\libnosys.a(lseek.o)
                0x08007020                _lseek
 .text._read    0x08007030       0x10 c:/program files (x86)/atollic/truestudio for arm 6.0.0/armtools/bin/../lib/gcc/arm-atollic-eabi/5.3.1/../../../../arm-atollic-eabi/lib/armv7e-m/fpu\libnosys.a(read.o)
                0x08007030                _read
 .text._sbrk    0x08007040       0x1c c:/program files (x86)/atollic/truestudio for arm 6.0.0/armtools/bin/../lib/gcc/arm-atollic-eabi/5.3.1/../../../../arm-atollic-eabi/lib/armv7e-m/fpu\libnosys.a(sbrk.o)
                0x08007040                _sbrk
 .text._write   0x0800705c       0x10 c:/program files (x86)/atollic/truestudio for arm 6.0.0/armtools/bin/../lib/gcc/arm-atollic-eabi/5.3.1/../../../../arm-atollic-eabi/lib/armv7e-m/fpu\libnosys.a(write.o)
                0x0800705c                _write
 *(.glue_7)
 .glue_7        0x0800706c        0x0 linker stubs
 *(.glue_7t)
 .glue_7t       0x0800706c        0x0 linker stubs
 *(.eh_frame)
 .eh_frame      0x0800706c        0x0 c:/program files (x86)/atollic/truestudio for arm 6.0.0/armtools/bin/../lib/gcc/arm-atollic-eabi/5.3.1/armv7e-m/fpu/crtbegin.o
 *(.init)
 .init          0x0800706c        0x4 c:/program files (x86)/atollic/truestudio for arm 6.0.0/armtools/bin/../lib/gcc/arm-atollic-eabi/5.3.1/armv7e-m/fpu/crti.o
                0x0800706c                _init
 .init          0x08007070        0x8 c:/program files (x86)/atollic/truestudio for arm 6.0.0/armtools/bin/../lib/gcc/arm-atollic-eabi/5.3.1/armv7e-m/fpu/crtn.o
 *(.fini)
 .fini          0x08007078        0x4 c:/program files (x86)/atollic/truestudio for arm 6.0.0/armtools/bin/../lib/gcc/arm-atollic-eabi/5.3.1/armv7e-m/fpu/crti.o
                0x08007078                _fini
 .fini          0x0800707c        0x8 c:/program files (x86)/atollic/truestudio for arm 6.0.0/armtools/bin/../lib/gcc/arm-atollic-eabi/5.3.1/armv7e-m/fpu/crtn.o
                0x08007084                . = ALIGN (0x4)
                0x08007084                _etext = .

.vfp11_veneer   0x08007084        0x0
 .vfp11_veneer  0x08007084        0x0 linker stubs

.v4_bx          0x08007084        0x0
 .v4_bx         0x08007084        0x0 linker stubs

.iplt           0x08007084        0x0
 .iplt          0x08007084        0x0 c:/program files (x86)/atollic/truestudio for arm 6.0.0/armtools/bin/../lib/gcc/arm-atollic-eabi/5.3.1/armv7e-m/fpu/crtbegin.o

.rodata         0x08007088      0x2c4
                0x08007088                . = ALIGN (0x4)
 *(.rodata)
 .rodata        0x08007088        0x4 Src\car_game_definitions.o
 .rodata        0x0800708c        0x6 Src\display_functions.o
 *fill*         0x08007092        0x6 
 .rodata        0x08007098       0x10 Src\main.o
 *(.rodata*)
 .rodata.APBAHBPrescTable
                0x080070a8       0x10 Drivers\STM32F4xx_HAL_Driver\Src\stm32f4xx_hal_rcc.o
                0x080070a8                APBAHBPrescTable
 .rodata.str1.1
                0x080070b8       0x1e Src\car_game_definitions.o
 .rodata.str1.1
                0x080070d6       0x87 Src\display_functions.o
 .rodata.zeroes.7045
                0x0800715d       0x10 c:/program files (x86)/atollic/truestudio for arm 6.0.0/armtools/bin/../lib/gcc/arm-atollic-eabi/5.3.1/../../../../arm-atollic-eabi/lib/armv7e-m/fpu\libc.a(lib_a-svfprintf.o)
 .rodata.str1.1
                0x0800716d       0x34 c:/program files (x86)/atollic/truestudio for arm 6.0.0/armtools/bin/../lib/gcc/arm-atollic-eabi/5.3.1/../../../../arm-atollic-eabi/lib/armv7e-m/fpu\libc.a(lib_a-svfprintf.o)
 .rodata.blanks.7044
                0x080071a1       0x10 c:/program files (x86)/atollic/truestudio for arm 6.0.0/armtools/bin/../lib/gcc/arm-atollic-eabi/5.3.1/../../../../arm-atollic-eabi/lib/armv7e-m/fpu\libc.a(lib_a-svfprintf.o)
 .rodata.blanks.7059
                0x080071b1       0x10 c:/program files (x86)/atollic/truestudio for arm 6.0.0/armtools/bin/../lib/gcc/arm-atollic-eabi/5.3.1/../../../../arm-atollic-eabi/lib/armv7e-m/fpu\libc.a(lib_a-vfprintf.o)
 .rodata.str1.1
                0x080071c1       0x34 c:/program files (x86)/atollic/truestudio for arm 6.0.0/armtools/bin/../lib/gcc/arm-atollic-eabi/5.3.1/../../../../arm-atollic-eabi/lib/armv7e-m/fpu\libc.a(lib_a-vfprintf.o)
 .rodata.zeroes.7060
                0x080071c1       0x10 c:/program files (x86)/atollic/truestudio for arm 6.0.0/armtools/bin/../lib/gcc/arm-atollic-eabi/5.3.1/../../../../arm-atollic-eabi/lib/armv7e-m/fpu\libc.a(lib_a-vfprintf.o)
 .rodata.str1.1
                0x080071d1        0xd c:/program files (x86)/atollic/truestudio for arm 6.0.0/armtools/bin/../lib/gcc/arm-atollic-eabi/5.3.1/../../../../arm-atollic-eabi/lib/armv7e-m/fpu\libc.a(lib_a-dtoa.o)
                                  0xf (size before relaxing)
 *fill*         0x080071de        0x2 
 .rodata.__sf_fake_stdin
                0x080071e0       0x20 c:/program files (x86)/atollic/truestudio for arm 6.0.0/armtools/bin/../lib/gcc/arm-atollic-eabi/5.3.1/../../../../arm-atollic-eabi/lib/armv7e-m/fpu\libc.a(lib_a-findfp.o)
                0x080071e0                __sf_fake_stdin
 .rodata.__sf_fake_stdout
                0x08007200       0x20 c:/program files (x86)/atollic/truestudio for arm 6.0.0/armtools/bin/../lib/gcc/arm-atollic-eabi/5.3.1/../../../../arm-atollic-eabi/lib/armv7e-m/fpu\libc.a(lib_a-findfp.o)
                0x08007200                __sf_fake_stdout
 .rodata.__sf_fake_stderr
                0x08007220       0x20 c:/program files (x86)/atollic/truestudio for arm 6.0.0/armtools/bin/../lib/gcc/arm-atollic-eabi/5.3.1/../../../../arm-atollic-eabi/lib/armv7e-m/fpu\libc.a(lib_a-findfp.o)
                0x08007220                __sf_fake_stderr
 .rodata.str1.1
                0x08007240        0x2 c:/program files (x86)/atollic/truestudio for arm 6.0.0/armtools/bin/../lib/gcc/arm-atollic-eabi/5.3.1/../../../../arm-atollic-eabi/lib/armv7e-m/fpu\libc.a(lib_a-impure.o)
 *fill*         0x08007242        0x2 
 .rodata._global_impure_ptr
                0x08007244        0x4 c:/program files (x86)/atollic/truestudio for arm 6.0.0/armtools/bin/../lib/gcc/arm-atollic-eabi/5.3.1/../../../../arm-atollic-eabi/lib/armv7e-m/fpu\libc.a(lib_a-impure.o)
                0x08007244                _global_impure_ptr
 .rodata.str1.1
                0x08007248        0x8 c:/program files (x86)/atollic/truestudio for arm 6.0.0/armtools/bin/../lib/gcc/arm-atollic-eabi/5.3.1/../../../../arm-atollic-eabi/lib/armv7e-m/fpu\libc.a(lib_a-locale.o)
                                  0xb (size before relaxing)
 .rodata.__mprec_tens
                0x08007250       0xc8 c:/program files (x86)/atollic/truestudio for arm 6.0.0/armtools/bin/../lib/gcc/arm-atollic-eabi/5.3.1/../../../../arm-atollic-eabi/lib/armv7e-m/fpu\libc.a(lib_a-mprec.o)
                0x08007250                __mprec_tens
 .rodata.__mprec_bigtens
                0x08007318       0x28 c:/program files (x86)/atollic/truestudio for arm 6.0.0/armtools/bin/../lib/gcc/arm-atollic-eabi/5.3.1/../../../../arm-atollic-eabi/lib/armv7e-m/fpu\libc.a(lib_a-mprec.o)
                0x08007318                __mprec_bigtens
 .rodata.p05.5388
                0x08007340        0xc c:/program files (x86)/atollic/truestudio for arm 6.0.0/armtools/bin/../lib/gcc/arm-atollic-eabi/5.3.1/../../../../arm-atollic-eabi/lib/armv7e-m/fpu\libc.a(lib_a-mprec.o)
                0x0800734c                . = ALIGN (0x4)

.ARM.extab
 *(.ARM.extab* .gnu.linkonce.armextab.*)

.ARM            0x0800734c        0x8
                0x0800734c                __exidx_start = .
 *(.ARM.exidx*)
 .ARM.exidx     0x0800734c        0x8 c:/program files (x86)/atollic/truestudio for arm 6.0.0/armtools/bin/../lib/gcc/arm-atollic-eabi/5.3.1/armv7e-m/fpu\libgcc.a(_udivmoddi4.o)
                0x08007354                __exidx_end = .

.rel.dyn        0x08007354        0x0
 .rel.iplt      0x08007354        0x0 c:/program files (x86)/atollic/truestudio for arm 6.0.0/armtools/bin/../lib/gcc/arm-atollic-eabi/5.3.1/armv7e-m/fpu/crtbegin.o

.preinit_array  0x08007354        0x0
                0x08007354                PROVIDE (__preinit_array_start, .)
 *(.preinit_array*)
                0x08007354                PROVIDE (__preinit_array_end, .)

.init_array     0x08007354        0x4
                0x08007354                PROVIDE (__init_array_start, .)
 *(SORT(.init_array.*))
 *(.init_array*)
 .init_array    0x08007354        0x4 c:/program files (x86)/atollic/truestudio for arm 6.0.0/armtools/bin/../lib/gcc/arm-atollic-eabi/5.3.1/armv7e-m/fpu/crtbegin.o
                0x08007358                PROVIDE (__init_array_end, .)

.fini_array     0x08007358        0x4
                [!provide]                PROVIDE (__fini_array_start, .)
 *(SORT(.fini_array.*))
 *(.fini_array*)
 .fini_array    0x08007358        0x4 c:/program files (x86)/atollic/truestudio for arm 6.0.0/armtools/bin/../lib/gcc/arm-atollic-eabi/5.3.1/armv7e-m/fpu/crtbegin.o
                [!provide]                PROVIDE (__fini_array_end, .)
                0x0800735c                _sidata = LOADADDR (.data)

.data           0x20000000      0x580 load address 0x0800735c
                0x20000000                . = ALIGN (0x4)
                0x20000000                _sdata = .
 *(.data)
 *(.data*)
 .data.SystemCoreClock
                0x20000000        0x4 Drivers\CMSIS\Device\ST\STM32F4xx\Source\Templates\system_stm32f4xx.o
                0x20000000                SystemCoreClock
 .data.HERO_DEFAULT_POSITION
                0x20000004        0x2 Src\car_game_definitions.o
                0x20000004                HERO_DEFAULT_POSITION
 .data.SCORE_DEFAULT_POSITION
                0x20000006        0x2 Src\car_game_definitions.o
                0x20000006                SCORE_DEFAULT_POSITION
 .data.LEVEL_DEFAULT_POSITION
                0x20000008        0x2 Src\car_game_definitions.o
                0x20000008                LEVEL_DEFAULT_POSITION
 .data.HERO_CAR_CHAR_DEFINITIONS
                0x2000000a        0x8 Src\car_game_definitions.o
                0x2000000a                HERO_CAR_CHAR_DEFINITIONS
 .data.CAR_CHAR_DEFINITIONS
                0x20000012        0x8 Src\car_game_definitions.o
                0x20000012                CAR_CHAR_DEFINITIONS
 *fill*         0x2000001a        0x2 
 .data.impure_data
                0x2000001c       0xf0 c:/program files (x86)/atollic/truestudio for arm 6.0.0/armtools/bin/../lib/gcc/arm-atollic-eabi/5.3.1/../../../../arm-atollic-eabi/lib/armv7e-m/fpu\libc.a(lib_a-impure.o)
 .data._impure_ptr
                0x2000010c        0x4 c:/program files (x86)/atollic/truestudio for arm 6.0.0/armtools/bin/../lib/gcc/arm-atollic-eabi/5.3.1/../../../../arm-atollic-eabi/lib/armv7e-m/fpu\libc.a(lib_a-impure.o)
                0x2000010c                _impure_ptr
 .data.lconv    0x20000110       0x38 c:/program files (x86)/atollic/truestudio for arm 6.0.0/armtools/bin/../lib/gcc/arm-atollic-eabi/5.3.1/../../../../arm-atollic-eabi/lib/armv7e-m/fpu\libc.a(lib_a-locale.o)
 .data.lc_ctype_charset
                0x20000148       0x20 c:/program files (x86)/atollic/truestudio for arm 6.0.0/armtools/bin/../lib/gcc/arm-atollic-eabi/5.3.1/../../../../arm-atollic-eabi/lib/armv7e-m/fpu\libc.a(lib_a-locale.o)
 .data.__mb_cur_max
                0x20000168        0x4 c:/program files (x86)/atollic/truestudio for arm 6.0.0/armtools/bin/../lib/gcc/arm-atollic-eabi/5.3.1/../../../../arm-atollic-eabi/lib/armv7e-m/fpu\libc.a(lib_a-locale.o)
                0x20000168                __mb_cur_max
 .data.__malloc_av_
                0x2000016c      0x408 c:/program files (x86)/atollic/truestudio for arm 6.0.0/armtools/bin/../lib/gcc/arm-atollic-eabi/5.3.1/../../../../arm-atollic-eabi/lib/armv7e-m/fpu\libc.a(lib_a-mallocr.o)
                0x2000016c                __malloc_av_
 .data.__malloc_trim_threshold
                0x20000574        0x4 c:/program files (x86)/atollic/truestudio for arm 6.0.0/armtools/bin/../lib/gcc/arm-atollic-eabi/5.3.1/../../../../arm-atollic-eabi/lib/armv7e-m/fpu\libc.a(lib_a-mallocr.o)
                0x20000574                __malloc_trim_threshold
 .data.__malloc_sbrk_base
                0x20000578        0x4 c:/program files (x86)/atollic/truestudio for arm 6.0.0/armtools/bin/../lib/gcc/arm-atollic-eabi/5.3.1/../../../../arm-atollic-eabi/lib/armv7e-m/fpu\libc.a(lib_a-mallocr.o)
                0x20000578                __malloc_sbrk_base
 .data.__wctomb
                0x2000057c        0x4 c:/program files (x86)/atollic/truestudio for arm 6.0.0/armtools/bin/../lib/gcc/arm-atollic-eabi/5.3.1/../../../../arm-atollic-eabi/lib/armv7e-m/fpu\libc.a(lib_a-wctomb_r.o)
                0x2000057c                __wctomb
                0x20000580                . = ALIGN (0x4)
                0x20000580                _edata = .

.igot.plt       0x20000580        0x0 load address 0x080078dc
 .igot.plt      0x20000580        0x0 c:/program files (x86)/atollic/truestudio for arm 6.0.0/armtools/bin/../lib/gcc/arm-atollic-eabi/5.3.1/armv7e-m/fpu/crtbegin.o
                0x20000580                . = ALIGN (0x4)

.bss            0x20000580       0xb0 load address 0x080078dc
                0x20000580                _sbss = .
                0x20000580                __bss_start__ = _sbss
 *(.bss)
 .bss           0x20000580       0x1c c:/program files (x86)/atollic/truestudio for arm 6.0.0/armtools/bin/../lib/gcc/arm-atollic-eabi/5.3.1/armv7e-m/fpu/crtbegin.o
 *(.bss*)
 .bss.__malloc_max_total_mem
                0x2000059c        0x4 c:/program files (x86)/atollic/truestudio for arm 6.0.0/armtools/bin/../lib/gcc/arm-atollic-eabi/5.3.1/../../../../arm-atollic-eabi/lib/armv7e-m/fpu\libc.a(lib_a-mallocr.o)
                0x2000059c                __malloc_max_total_mem
 .bss.__malloc_max_sbrked_mem
                0x200005a0        0x4 c:/program files (x86)/atollic/truestudio for arm 6.0.0/armtools/bin/../lib/gcc/arm-atollic-eabi/5.3.1/../../../../arm-atollic-eabi/lib/armv7e-m/fpu\libc.a(lib_a-mallocr.o)
                0x200005a0                __malloc_max_sbrked_mem
 .bss.__malloc_top_pad
                0x200005a4        0x4 c:/program files (x86)/atollic/truestudio for arm 6.0.0/armtools/bin/../lib/gcc/arm-atollic-eabi/5.3.1/../../../../arm-atollic-eabi/lib/armv7e-m/fpu\libc.a(lib_a-mallocr.o)
                0x200005a4                __malloc_top_pad
 .bss.__malloc_current_mallinfo
                0x200005a8       0x28 c:/program files (x86)/atollic/truestudio for arm 6.0.0/armtools/bin/../lib/gcc/arm-atollic-eabi/5.3.1/../../../../arm-atollic-eabi/lib/armv7e-m/fpu\libc.a(lib_a-mallocr.o)
                0x200005a8                __malloc_current_mallinfo
 .bss.heap_end.4169
                0x200005d0        0x4 c:/program files (x86)/atollic/truestudio for arm 6.0.0/armtools/bin/../lib/gcc/arm-atollic-eabi/5.3.1/../../../../arm-atollic-eabi/lib/armv7e-m/fpu\libnosys.a(sbrk.o)
 *(COMMON)
 COMMON         0x200005d4        0x4 Drivers\STM32F4xx_HAL_Driver\Src\stm32f4xx_hal.o
                0x200005d4                uwTick
 COMMON         0x200005d8       0x54 Src\i2c.o
                0x200005d8                hi2c1
 COMMON         0x2000062c        0x4 c:/program files (x86)/atollic/truestudio for arm 6.0.0/armtools/bin/../lib/gcc/arm-atollic-eabi/5.3.1/../../../../arm-atollic-eabi/lib/armv7e-m/fpu\libc.a(lib_a-reent.o)
                0x2000062c                errno
                0x20000630                . = ALIGN (0x4)
                0x20000630                _ebss = .
                0x20000630                __bss_end__ = _ebss

._user_heap_stack
                0x20000630      0x600 load address 0x080078dc
                0x20000630                . = ALIGN (0x4)
                0x20000630                PROVIDE (end, .)
                [!provide]                PROVIDE (_end, .)
                0x20000830                . = (. + _Min_Heap_Size)
 *fill*         0x20000630      0x200 
                0x20000c30                . = (. + _Min_Stack_Size)
 *fill*         0x20000830      0x400 
                0x20000c30                . = ALIGN (0x4)

/DISCARD/
 libc.a(*)
 libm.a(*)
 libgcc.a(*)

.ARM.attributes
                0x00000000       0x30
 *(.ARM.attributes)
 .ARM.attributes
                0x00000000       0x22 c:/program files (x86)/atollic/truestudio for arm 6.0.0/armtools/bin/../lib/gcc/arm-atollic-eabi/5.3.1/armv7e-m/fpu/crti.o
 .ARM.attributes
                0x00000022       0x34 c:/program files (x86)/atollic/truestudio for arm 6.0.0/armtools/bin/../lib/gcc/arm-atollic-eabi/5.3.1/armv7e-m/fpu/crtbegin.o
 .ARM.attributes
                0x00000056       0x21 Drivers\CMSIS\Device\ST\STM32F4xx\Source\Templates\gcc\startup_stm32f446xx.o
 .ARM.attributes
                0x00000077       0x39 Drivers\CMSIS\Device\ST\STM32F4xx\Source\Templates\system_stm32f4xx.o
 .ARM.attributes
                0x000000b0       0x39 Drivers\STM32F4xx_HAL_Driver\Src\stm32f4xx_hal.o
 .ARM.attributes
                0x000000e9       0x39 Drivers\STM32F4xx_HAL_Driver\Src\stm32f4xx_hal_cortex.o
 .ARM.attributes
                0x00000122       0x39 Drivers\STM32F4xx_HAL_Driver\Src\stm32f4xx_hal_gpio.o
 .ARM.attributes
                0x0000015b       0x39 Drivers\STM32F4xx_HAL_Driver\Src\stm32f4xx_hal_i2c.o
 .ARM.attributes
                0x00000194       0x39 Drivers\STM32F4xx_HAL_Driver\Src\stm32f4xx_hal_rcc.o
 .ARM.attributes
                0x000001cd       0x39 Drivers\STM32F4xx_HAL_Driver\Src\stm32f4xx_hal_rcc_ex.o
 .ARM.attributes
                0x00000206       0x39 Src\car_game_definitions.o
 .ARM.attributes
                0x0000023f       0x39 Src\display_functions.o
 .ARM.attributes
                0x00000278       0x39 Src\gpio.o
 .ARM.attributes
                0x000002b1       0x39 Src\i2c.o
 .ARM.attributes
                0x000002ea       0x39 Src\main.o
 .ARM.attributes
                0x00000323       0x39 Src\stm32f4xx_hal_msp.o
 .ARM.attributes
                0x0000035c       0x39 Src\stm32f4xx_it.o
 .ARM.attributes
                0x00000395       0x34 c:/program files (x86)/atollic/truestudio for arm 6.0.0/armtools/bin/../lib/gcc/arm-atollic-eabi/5.3.1/../../../../arm-atollic-eabi/lib/armv7e-m/fpu\libc.a(lib_a-init.o)
 .ARM.attributes
                0x000003c9       0x34 c:/program files (x86)/atollic/truestudio for arm 6.0.0/armtools/bin/../lib/gcc/arm-atollic-eabi/5.3.1/../../../../arm-atollic-eabi/lib/armv7e-m/fpu\libc.a(lib_a-printf.o)
 .ARM.attributes
                0x000003fd       0x34 c:/program files (x86)/atollic/truestudio for arm 6.0.0/armtools/bin/../lib/gcc/arm-atollic-eabi/5.3.1/../../../../arm-atollic-eabi/lib/armv7e-m/fpu\libc.a(lib_a-rand.o)
 .ARM.attributes
                0x00000431       0x34 c:/program files (x86)/atollic/truestudio for arm 6.0.0/armtools/bin/../lib/gcc/arm-atollic-eabi/5.3.1/../../../../arm-atollic-eabi/lib/armv7e-m/fpu\libc.a(lib_a-sprintf.o)
 .ARM.attributes
                0x00000465       0x1b c:/program files (x86)/atollic/truestudio for arm 6.0.0/armtools/bin/../lib/gcc/arm-atollic-eabi/5.3.1/../../../../arm-atollic-eabi/lib/armv7e-m/fpu\libc.a(lib_a-strlen.o)
 .ARM.attributes
                0x00000480       0x34 c:/program files (x86)/atollic/truestudio for arm 6.0.0/armtools/bin/../lib/gcc/arm-atollic-eabi/5.3.1/../../../../arm-atollic-eabi/lib/armv7e-m/fpu\libc.a(lib_a-svfprintf.o)
 .ARM.attributes
                0x000004b4       0x34 c:/program files (x86)/atollic/truestudio for arm 6.0.0/armtools/bin/../lib/gcc/arm-atollic-eabi/5.3.1/../../../../arm-atollic-eabi/lib/armv7e-m/fpu\libc.a(lib_a-time.o)
 .ARM.attributes
                0x000004e8       0x34 c:/program files (x86)/atollic/truestudio for arm 6.0.0/armtools/bin/../lib/gcc/arm-atollic-eabi/5.3.1/../../../../arm-atollic-eabi/lib/armv7e-m/fpu\libc.a(lib_a-vfprintf.o)
 .ARM.attributes
                0x0000051c       0x34 c:/program files (x86)/atollic/truestudio for arm 6.0.0/armtools/bin/../lib/gcc/arm-atollic-eabi/5.3.1/../../../../arm-atollic-eabi/lib/armv7e-m/fpu\libc.a(lib_a-wsetup.o)
 .ARM.attributes
                0x00000550       0x34 c:/program files (x86)/atollic/truestudio for arm 6.0.0/armtools/bin/../lib/gcc/arm-atollic-eabi/5.3.1/../../../../arm-atollic-eabi/lib/armv7e-m/fpu\libc.a(lib_a-dtoa.o)
 .ARM.attributes
                0x00000584       0x34 c:/program files (x86)/atollic/truestudio for arm 6.0.0/armtools/bin/../lib/gcc/arm-atollic-eabi/5.3.1/../../../../arm-atollic-eabi/lib/armv7e-m/fpu\libc.a(lib_a-fflush.o)
 .ARM.attributes
                0x000005b8       0x34 c:/program files (x86)/atollic/truestudio for arm 6.0.0/armtools/bin/../lib/gcc/arm-atollic-eabi/5.3.1/../../../../arm-atollic-eabi/lib/armv7e-m/fpu\libc.a(lib_a-findfp.o)
 .ARM.attributes
                0x000005ec       0x34 c:/program files (x86)/atollic/truestudio for arm 6.0.0/armtools/bin/../lib/gcc/arm-atollic-eabi/5.3.1/../../../../arm-atollic-eabi/lib/armv7e-m/fpu\libc.a(lib_a-freer.o)
 .ARM.attributes
                0x00000620       0x34 c:/program files (x86)/atollic/truestudio for arm 6.0.0/armtools/bin/../lib/gcc/arm-atollic-eabi/5.3.1/../../../../arm-atollic-eabi/lib/armv7e-m/fpu\libc.a(lib_a-fwalk.o)
 .ARM.attributes
                0x00000654       0x34 c:/program files (x86)/atollic/truestudio for arm 6.0.0/armtools/bin/../lib/gcc/arm-atollic-eabi/5.3.1/../../../../arm-atollic-eabi/lib/armv7e-m/fpu\libc.a(lib_a-gettimeofdayr.o)
 .ARM.attributes
                0x00000688       0x34 c:/program files (x86)/atollic/truestudio for arm 6.0.0/armtools/bin/../lib/gcc/arm-atollic-eabi/5.3.1/../../../../arm-atollic-eabi/lib/armv7e-m/fpu\libc.a(lib_a-impure.o)
 .ARM.attributes
                0x000006bc       0x34 c:/program files (x86)/atollic/truestudio for arm 6.0.0/armtools/bin/../lib/gcc/arm-atollic-eabi/5.3.1/../../../../arm-atollic-eabi/lib/armv7e-m/fpu\libc.a(lib_a-locale.o)
 .ARM.attributes
                0x000006f0       0x34 c:/program files (x86)/atollic/truestudio for arm 6.0.0/armtools/bin/../lib/gcc/arm-atollic-eabi/5.3.1/../../../../arm-atollic-eabi/lib/armv7e-m/fpu\libc.a(lib_a-makebuf.o)
 .ARM.attributes
                0x00000724       0x34 c:/program files (x86)/atollic/truestudio for arm 6.0.0/armtools/bin/../lib/gcc/arm-atollic-eabi/5.3.1/../../../../arm-atollic-eabi/lib/armv7e-m/fpu\libc.a(lib_a-malloc.o)
 .ARM.attributes
                0x00000758       0x34 c:/program files (x86)/atollic/truestudio for arm 6.0.0/armtools/bin/../lib/gcc/arm-atollic-eabi/5.3.1/../../../../arm-atollic-eabi/lib/armv7e-m/fpu\libc.a(lib_a-mallocr.o)
 .ARM.attributes
                0x0000078c       0x20 c:/program files (x86)/atollic/truestudio for arm 6.0.0/armtools/bin/../lib/gcc/arm-atollic-eabi/5.3.1/../../../../arm-atollic-eabi/lib/armv7e-m/fpu\libc.a(lib_a-memchr.o)
 .ARM.attributes
                0x000007ac       0x34 c:/program files (x86)/atollic/truestudio for arm 6.0.0/armtools/bin/../lib/gcc/arm-atollic-eabi/5.3.1/../../../../arm-atollic-eabi/lib/armv7e-m/fpu\libc.a(lib_a-memcpy-stub.o)
 .ARM.attributes
                0x000007e0       0x34 c:/program files (x86)/atollic/truestudio for arm 6.0.0/armtools/bin/../lib/gcc/arm-atollic-eabi/5.3.1/../../../../arm-atollic-eabi/lib/armv7e-m/fpu\libc.a(lib_a-memset.o)
 .ARM.attributes
                0x00000814       0x34 c:/program files (x86)/atollic/truestudio for arm 6.0.0/armtools/bin/../lib/gcc/arm-atollic-eabi/5.3.1/../../../../arm-atollic-eabi/lib/armv7e-m/fpu\libc.a(lib_a-mlock.o)
 .ARM.attributes
                0x00000848       0x34 c:/program files (x86)/atollic/truestudio for arm 6.0.0/armtools/bin/../lib/gcc/arm-atollic-eabi/5.3.1/../../../../arm-atollic-eabi/lib/armv7e-m/fpu\libc.a(lib_a-mprec.o)
 .ARM.attributes
                0x0000087c       0x34 c:/program files (x86)/atollic/truestudio for arm 6.0.0/armtools/bin/../lib/gcc/arm-atollic-eabi/5.3.1/../../../../arm-atollic-eabi/lib/armv7e-m/fpu\libc.a(lib_a-reent.o)
 .ARM.attributes
                0x000008b0       0x34 c:/program files (x86)/atollic/truestudio for arm 6.0.0/armtools/bin/../lib/gcc/arm-atollic-eabi/5.3.1/../../../../arm-atollic-eabi/lib/armv7e-m/fpu\libc.a(lib_a-sbrkr.o)
 .ARM.attributes
                0x000008e4       0x34 c:/program files (x86)/atollic/truestudio for arm 6.0.0/armtools/bin/../lib/gcc/arm-atollic-eabi/5.3.1/../../../../arm-atollic-eabi/lib/armv7e-m/fpu\libc.a(lib_a-stdio.o)
 .ARM.attributes
                0x00000918       0x34 c:/program files (x86)/atollic/truestudio for arm 6.0.0/armtools/bin/../lib/gcc/arm-atollic-eabi/5.3.1/../../../../arm-atollic-eabi/lib/armv7e-m/fpu\libc.a(lib_a-svfiprintf.o)
 .ARM.attributes
                0x0000094c       0x34 c:/program files (x86)/atollic/truestudio for arm 6.0.0/armtools/bin/../lib/gcc/arm-atollic-eabi/5.3.1/../../../../arm-atollic-eabi/lib/armv7e-m/fpu\libc.a(lib_a-vfiprintf.o)
 .ARM.attributes
                0x00000980       0x34 c:/program files (x86)/atollic/truestudio for arm 6.0.0/armtools/bin/../lib/gcc/arm-atollic-eabi/5.3.1/../../../../arm-atollic-eabi/lib/armv7e-m/fpu\libc.a(lib_a-writer.o)
 .ARM.attributes
                0x000009b4       0x34 c:/program files (x86)/atollic/truestudio for arm 6.0.0/armtools/bin/../lib/gcc/arm-atollic-eabi/5.3.1/../../../../arm-atollic-eabi/lib/armv7e-m/fpu\libc.a(lib_a-callocr.o)
 .ARM.attributes
                0x000009e8       0x34 c:/program files (x86)/atollic/truestudio for arm 6.0.0/armtools/bin/../lib/gcc/arm-atollic-eabi/5.3.1/../../../../arm-atollic-eabi/lib/armv7e-m/fpu\libc.a(lib_a-closer.o)
 .ARM.attributes
                0x00000a1c       0x34 c:/program files (x86)/atollic/truestudio for arm 6.0.0/armtools/bin/../lib/gcc/arm-atollic-eabi/5.3.1/../../../../arm-atollic-eabi/lib/armv7e-m/fpu\libc.a(lib_a-fclose.o)
 .ARM.attributes
                0x00000a50       0x34 c:/program files (x86)/atollic/truestudio for arm 6.0.0/armtools/bin/../lib/gcc/arm-atollic-eabi/5.3.1/../../../../arm-atollic-eabi/lib/armv7e-m/fpu\libc.a(lib_a-fputwc.o)
 .ARM.attributes
                0x00000a84       0x34 c:/program files (x86)/atollic/truestudio for arm 6.0.0/armtools/bin/../lib/gcc/arm-atollic-eabi/5.3.1/../../../../arm-atollic-eabi/lib/armv7e-m/fpu\libc.a(lib_a-fstatr.o)
 .ARM.attributes
                0x00000ab8       0x34 c:/program files (x86)/atollic/truestudio for arm 6.0.0/armtools/bin/../lib/gcc/arm-atollic-eabi/5.3.1/../../../../arm-atollic-eabi/lib/armv7e-m/fpu\libc.a(lib_a-fvwrite.o)
 .ARM.attributes
                0x00000aec       0x34 c:/program files (x86)/atollic/truestudio for arm 6.0.0/armtools/bin/../lib/gcc/arm-atollic-eabi/5.3.1/../../../../arm-atollic-eabi/lib/armv7e-m/fpu\libc.a(lib_a-isattyr.o)
 .ARM.attributes
                0x00000b20       0x34 c:/program files (x86)/atollic/truestudio for arm 6.0.0/armtools/bin/../lib/gcc/arm-atollic-eabi/5.3.1/../../../../arm-atollic-eabi/lib/armv7e-m/fpu\libc.a(lib_a-lseekr.o)
 .ARM.attributes
                0x00000b54       0x34 c:/program files (x86)/atollic/truestudio for arm 6.0.0/armtools/bin/../lib/gcc/arm-atollic-eabi/5.3.1/../../../../arm-atollic-eabi/lib/armv7e-m/fpu\libc.a(lib_a-memmove.o)
 .ARM.attributes
                0x00000b88       0x34 c:/program files (x86)/atollic/truestudio for arm 6.0.0/armtools/bin/../lib/gcc/arm-atollic-eabi/5.3.1/../../../../arm-atollic-eabi/lib/armv7e-m/fpu\libc.a(lib_a-readr.o)
 .ARM.attributes
                0x00000bbc       0x34 c:/program files (x86)/atollic/truestudio for arm 6.0.0/armtools/bin/../lib/gcc/arm-atollic-eabi/5.3.1/../../../../arm-atollic-eabi/lib/armv7e-m/fpu\libc.a(lib_a-reallocr.o)
 .ARM.attributes
                0x00000bf0       0x34 c:/program files (x86)/atollic/truestudio for arm 6.0.0/armtools/bin/../lib/gcc/arm-atollic-eabi/5.3.1/../../../../arm-atollic-eabi/lib/armv7e-m/fpu\libc.a(lib_a-wbuf.o)
 .ARM.attributes
                0x00000c24       0x34 c:/program files (x86)/atollic/truestudio for arm 6.0.0/armtools/bin/../lib/gcc/arm-atollic-eabi/5.3.1/../../../../arm-atollic-eabi/lib/armv7e-m/fpu\libc.a(lib_a-wcrtomb.o)
 .ARM.attributes
                0x00000c58       0x34 c:/program files (x86)/atollic/truestudio for arm 6.0.0/armtools/bin/../lib/gcc/arm-atollic-eabi/5.3.1/../../../../arm-atollic-eabi/lib/armv7e-m/fpu\libc.a(lib_a-wctomb_r.o)
 .ARM.attributes
                0x00000c8c       0x22 c:/program files (x86)/atollic/truestudio for arm 6.0.0/armtools/bin/../lib/gcc/arm-atollic-eabi/5.3.1/armv7e-m/fpu\libgcc.a(_arm_addsubdf3.o)
 .ARM.attributes
                0x00000cae       0x22 c:/program files (x86)/atollic/truestudio for arm 6.0.0/armtools/bin/../lib/gcc/arm-atollic-eabi/5.3.1/armv7e-m/fpu\libgcc.a(_arm_muldivdf3.o)
 .ARM.attributes
                0x00000cd0       0x22 c:/program files (x86)/atollic/truestudio for arm 6.0.0/armtools/bin/../lib/gcc/arm-atollic-eabi/5.3.1/armv7e-m/fpu\libgcc.a(_arm_cmpdf2.o)
 .ARM.attributes
                0x00000cf2       0x22 c:/program files (x86)/atollic/truestudio for arm 6.0.0/armtools/bin/../lib/gcc/arm-atollic-eabi/5.3.1/armv7e-m/fpu\libgcc.a(_arm_unorddf2.o)
 .ARM.attributes
                0x00000d14       0x22 c:/program files (x86)/atollic/truestudio for arm 6.0.0/armtools/bin/../lib/gcc/arm-atollic-eabi/5.3.1/armv7e-m/fpu\libgcc.a(_arm_fixdfsi.o)
 .ARM.attributes
                0x00000d36       0x22 c:/program files (x86)/atollic/truestudio for arm 6.0.0/armtools/bin/../lib/gcc/arm-atollic-eabi/5.3.1/armv7e-m/fpu\libgcc.a(_aeabi_uldivmod.o)
 .ARM.attributes
                0x00000d58       0x34 c:/program files (x86)/atollic/truestudio for arm 6.0.0/armtools/bin/../lib/gcc/arm-atollic-eabi/5.3.1/armv7e-m/fpu\libgcc.a(_udivmoddi4.o)
 .ARM.attributes
                0x00000d8c       0x22 c:/program files (x86)/atollic/truestudio for arm 6.0.0/armtools/bin/../lib/gcc/arm-atollic-eabi/5.3.1/armv7e-m/fpu\libgcc.a(_dvmd_tls.o)
 .ARM.attributes
                0x00000dae       0x34 c:/program files (x86)/atollic/truestudio for arm 6.0.0/armtools/bin/../lib/gcc/arm-atollic-eabi/5.3.1/../../../../arm-atollic-eabi/lib/armv7e-m/fpu\libnosys.a(close.o)
 .ARM.attributes
                0x00000de2       0x34 c:/program files (x86)/atollic/truestudio for arm 6.0.0/armtools/bin/../lib/gcc/arm-atollic-eabi/5.3.1/../../../../arm-atollic-eabi/lib/armv7e-m/fpu\libnosys.a(fstat.o)
 .ARM.attributes
                0x00000e16       0x34 c:/program files (x86)/atollic/truestudio for arm 6.0.0/armtools/bin/../lib/gcc/arm-atollic-eabi/5.3.1/../../../../arm-atollic-eabi/lib/armv7e-m/fpu\libnosys.a(gettod.o)
 .ARM.attributes
                0x00000e4a       0x34 c:/program files (x86)/atollic/truestudio for arm 6.0.0/armtools/bin/../lib/gcc/arm-atollic-eabi/5.3.1/../../../../arm-atollic-eabi/lib/armv7e-m/fpu\libnosys.a(isatty.o)
 .ARM.attributes
                0x00000e7e       0x34 c:/program files (x86)/atollic/truestudio for arm 6.0.0/armtools/bin/../lib/gcc/arm-atollic-eabi/5.3.1/../../../../arm-atollic-eabi/lib/armv7e-m/fpu\libnosys.a(lseek.o)
 .ARM.attributes
                0x00000eb2       0x34 c:/program files (x86)/atollic/truestudio for arm 6.0.0/armtools/bin/../lib/gcc/arm-atollic-eabi/5.3.1/../../../../arm-atollic-eabi/lib/armv7e-m/fpu\libnosys.a(read.o)
 .ARM.attributes
                0x00000ee6       0x34 c:/program files (x86)/atollic/truestudio for arm 6.0.0/armtools/bin/../lib/gcc/arm-atollic-eabi/5.3.1/../../../../arm-atollic-eabi/lib/armv7e-m/fpu\libnosys.a(sbrk.o)
 .ARM.attributes
                0x00000f1a       0x34 c:/program files (x86)/atollic/truestudio for arm 6.0.0/armtools/bin/../lib/gcc/arm-atollic-eabi/5.3.1/../../../../arm-atollic-eabi/lib/armv7e-m/fpu\libnosys.a(write.o)
 .ARM.attributes
                0x00000f4e       0x22 c:/program files (x86)/atollic/truestudio for arm 6.0.0/armtools/bin/../lib/gcc/arm-atollic-eabi/5.3.1/armv7e-m/fpu/crtn.o
OUTPUT(JogoCarrinhoA.elf elf32-littlearm)

.debug_line     0x00000000     0x450b
 .debug_line    0x00000000       0xae Drivers\CMSIS\Device\ST\STM32F4xx\Source\Templates\gcc\startup_stm32f446xx.o
 .debug_line    0x000000ae      0x1f2 Drivers\CMSIS\Device\ST\STM32F4xx\Source\Templates\system_stm32f4xx.o
 .debug_line    0x000002a0      0x3ab Drivers\STM32F4xx_HAL_Driver\Src\stm32f4xx_hal.o
 .debug_line    0x0000064b      0x3f2 Drivers\STM32F4xx_HAL_Driver\Src\stm32f4xx_hal_cortex.o
 .debug_line    0x00000a3d      0x3c5 Drivers\STM32F4xx_HAL_Driver\Src\stm32f4xx_hal_gpio.o
 .debug_line    0x00000e02     0x171b Drivers\STM32F4xx_HAL_Driver\Src\stm32f4xx_hal_i2c.o
 .debug_line    0x0000251d      0x56e Drivers\STM32F4xx_HAL_Driver\Src\stm32f4xx_hal_rcc.o
 .debug_line    0x00002a8b      0x808 Drivers\STM32F4xx_HAL_Driver\Src\stm32f4xx_hal_rcc_ex.o
 .debug_line    0x00003293      0x3da Src\car_game_definitions.o
 .debug_line    0x0000366d      0x3f4 Src\display_functions.o
 .debug_line    0x00003a61      0x1d8 Src\gpio.o
 .debug_line    0x00003c39      0x254 Src\i2c.o
 .debug_line    0x00003e8d      0x2b3 Src\main.o
 .debug_line    0x00004140      0x1d8 Src\stm32f4xx_hal_msp.o
 .debug_line    0x00004318      0x1f3 Src\stm32f4xx_it.o

.debug_info     0x00000000     0xa68e
 .debug_info    0x00000000       0x9f Drivers\CMSIS\Device\ST\STM32F4xx\Source\Templates\gcc\startup_stm32f446xx.o
 .debug_info    0x0000009f      0x50a Drivers\CMSIS\Device\ST\STM32F4xx\Source\Templates\system_stm32f4xx.o
 .debug_info    0x000005a9      0x92e Drivers\STM32F4xx_HAL_Driver\Src\stm32f4xx_hal.o
 .debug_info    0x00000ed7      0xe99 Drivers\STM32F4xx_HAL_Driver\Src\stm32f4xx_hal_cortex.o
 .debug_info    0x00001d70      0x77b Drivers\STM32F4xx_HAL_Driver\Src\stm32f4xx_hal_gpio.o
 .debug_info    0x000024eb     0x2e2d Drivers\STM32F4xx_HAL_Driver\Src\stm32f4xx_hal_i2c.o
 .debug_info    0x00005318      0xcd3 Drivers\STM32F4xx_HAL_Driver\Src\stm32f4xx_hal_rcc.o
 .debug_info    0x00005feb     0x12fc Drivers\STM32F4xx_HAL_Driver\Src\stm32f4xx_hal_rcc_ex.o
 .debug_info    0x000072e7      0xa36 Src\car_game_definitions.o
 .debug_info    0x00007d1d      0xc87 Src\display_functions.o
 .debug_info    0x000089a4      0x49a Src\gpio.o
 .debug_info    0x00008e3e      0x9e5 Src\i2c.o
 .debug_info    0x00009823      0x91b Src\main.o
 .debug_info    0x0000a13e      0x40e Src\stm32f4xx_hal_msp.o
 .debug_info    0x0000a54c      0x142 Src\stm32f4xx_it.o

.debug_abbrev   0x00000000     0x1d03
 .debug_abbrev  0x00000000       0x12 Drivers\CMSIS\Device\ST\STM32F4xx\Source\Templates\gcc\startup_stm32f446xx.o
 .debug_abbrev  0x00000012      0x101 Drivers\CMSIS\Device\ST\STM32F4xx\Source\Templates\system_stm32f4xx.o
 .debug_abbrev  0x00000113      0x244 Drivers\STM32F4xx_HAL_Driver\Src\stm32f4xx_hal.o
 .debug_abbrev  0x00000357      0x32f Drivers\STM32F4xx_HAL_Driver\Src\stm32f4xx_hal_cortex.o
 .debug_abbrev  0x00000686      0x1c8 Drivers\STM32F4xx_HAL_Driver\Src\stm32f4xx_hal_gpio.o
 .debug_abbrev  0x0000084e      0x336 Drivers\STM32F4xx_HAL_Driver\Src\stm32f4xx_hal_i2c.o
 .debug_abbrev  0x00000b84      0x31e Drivers\STM32F4xx_HAL_Driver\Src\stm32f4xx_hal_rcc.o
 .debug_abbrev  0x00000ea2      0x266 Drivers\STM32F4xx_HAL_Driver\Src\stm32f4xx_hal_rcc_ex.o
 .debug_abbrev  0x00001108      0x2e9 Src\car_game_definitions.o
 .debug_abbrev  0x000013f1      0x2aa Src\display_functions.o
 .debug_abbrev  0x0000169b      0x14e Src\gpio.o
 .debug_abbrev  0x000017e9      0x1c1 Src\i2c.o
 .debug_abbrev  0x000019aa      0x1b7 Src\main.o
 .debug_abbrev  0x00001b61       0xc2 Src\stm32f4xx_hal_msp.o
 .debug_abbrev  0x00001c23       0xe0 Src\stm32f4xx_it.o

.debug_aranges  0x00000000      0x628
 .debug_aranges
                0x00000000       0x28 Drivers\CMSIS\Device\ST\STM32F4xx\Source\Templates\gcc\startup_stm32f446xx.o
 .debug_aranges
                0x00000028       0x28 Drivers\CMSIS\Device\ST\STM32F4xx\Source\Templates\system_stm32f4xx.o
 .debug_aranges
                0x00000050       0xb8 Drivers\STM32F4xx_HAL_Driver\Src\stm32f4xx_hal.o
 .debug_aranges
                0x00000108       0x98 Drivers\STM32F4xx_HAL_Driver\Src\stm32f4xx_hal_cortex.o
 .debug_aranges
                0x000001a0       0x58 Drivers\STM32F4xx_HAL_Driver\Src\stm32f4xx_hal_gpio.o
 .debug_aranges
                0x000001f8      0x190 Drivers\STM32F4xx_HAL_Driver\Src\stm32f4xx_hal_i2c.o
 .debug_aranges
                0x00000388       0x80 Drivers\STM32F4xx_HAL_Driver\Src\stm32f4xx_hal_rcc.o
 .debug_aranges
                0x00000408       0x58 Drivers\STM32F4xx_HAL_Driver\Src\stm32f4xx_hal_rcc_ex.o
 .debug_aranges
                0x00000460       0x68 Src\car_game_definitions.o
 .debug_aranges
                0x000004c8       0x78 Src\display_functions.o
 .debug_aranges
                0x00000540       0x20 Src\gpio.o
 .debug_aranges
                0x00000560       0x30 Src\i2c.o
 .debug_aranges
                0x00000590       0x30 Src\main.o
 .debug_aranges
                0x000005c0       0x20 Src\stm32f4xx_hal_msp.o
 .debug_aranges
                0x000005e0       0x48 Src\stm32f4xx_it.o

.debug_ranges   0x00000000      0xb20
 .debug_ranges  0x00000000       0x20 Drivers\CMSIS\Device\ST\STM32F4xx\Source\Templates\gcc\startup_stm32f446xx.o
 .debug_ranges  0x00000020       0x18 Drivers\CMSIS\Device\ST\STM32F4xx\Source\Templates\system_stm32f4xx.o
 .debug_ranges  0x00000038       0xa8 Drivers\STM32F4xx_HAL_Driver\Src\stm32f4xx_hal.o
 .debug_ranges  0x000000e0      0x148 Drivers\STM32F4xx_HAL_Driver\Src\stm32f4xx_hal_cortex.o
 .debug_ranges  0x00000228       0x70 Drivers\STM32F4xx_HAL_Driver\Src\stm32f4xx_hal_gpio.o
 .debug_ranges  0x00000298      0x210 Drivers\STM32F4xx_HAL_Driver\Src\stm32f4xx_hal_i2c.o
 .debug_ranges  0x000004a8      0x150 Drivers\STM32F4xx_HAL_Driver\Src\stm32f4xx_hal_rcc.o
 .debug_ranges  0x000005f8      0x2d0 Drivers\STM32F4xx_HAL_Driver\Src\stm32f4xx_hal_rcc_ex.o
 .debug_ranges  0x000008c8       0xd0 Src\car_game_definitions.o
 .debug_ranges  0x00000998       0x80 Src\display_functions.o
 .debug_ranges  0x00000a18       0x40 Src\gpio.o
 .debug_ranges  0x00000a58       0x20 Src\i2c.o
 .debug_ranges  0x00000a78       0x60 Src\main.o
 .debug_ranges  0x00000ad8       0x10 Src\stm32f4xx_hal_msp.o
 .debug_ranges  0x00000ae8       0x38 Src\stm32f4xx_it.o

.debug_loc      0x00000000     0x4b46
 .debug_loc     0x00000000       0xd7 Drivers\CMSIS\Device\ST\STM32F4xx\Source\Templates\system_stm32f4xx.o
 .debug_loc     0x000000d7       0x92 Drivers\STM32F4xx_HAL_Driver\Src\stm32f4xx_hal.o
 .debug_loc     0x00000169      0x4ab Drivers\STM32F4xx_HAL_Driver\Src\stm32f4xx_hal_cortex.o
 .debug_loc     0x00000614      0x374 Drivers\STM32F4xx_HAL_Driver\Src\stm32f4xx_hal_gpio.o
 .debug_loc     0x00000988     0x2856 Drivers\STM32F4xx_HAL_Driver\Src\stm32f4xx_hal_i2c.o
 .debug_loc     0x000031de      0x49b Drivers\STM32F4xx_HAL_Driver\Src\stm32f4xx_hal_rcc.o
 .debug_loc     0x00003679      0xcf3 Drivers\STM32F4xx_HAL_Driver\Src\stm32f4xx_hal_rcc_ex.o
 .debug_loc     0x0000436c      0x4a7 Src\car_game_definitions.o
 .debug_loc     0x00004813      0x2e6 Src\display_functions.o
 .debug_loc     0x00004af9       0x4d Src\i2c.o

.debug_str      0x00000000     0x2673
 .debug_str     0x00000000      0x37b Drivers\CMSIS\Device\ST\STM32F4xx\Source\Templates\system_stm32f4xx.o
                                0x3e0 (size before relaxing)
 .debug_str     0x0000037b      0x7f1 Drivers\STM32F4xx_HAL_Driver\Src\stm32f4xx_hal.o
                                0xb03 (size before relaxing)
 .debug_str     0x00000b6c      0x346 Drivers\STM32F4xx_HAL_Driver\Src\stm32f4xx_hal_cortex.o
                                0xc3e (size before relaxing)
 .debug_str     0x00000eb2      0x1d8 Drivers\STM32F4xx_HAL_Driver\Src\stm32f4xx_hal_gpio.o
                                0x52f (size before relaxing)
 .debug_str     0x0000108a      0xbb2 Drivers\STM32F4xx_HAL_Driver\Src\stm32f4xx_hal_i2c.o
                                0xe5b (size before relaxing)
 .debug_str     0x00001c3c      0x2a6 Drivers\STM32F4xx_HAL_Driver\Src\stm32f4xx_hal_rcc.o
                                0x700 (size before relaxing)
 .debug_str     0x00001ee2      0x2df Drivers\STM32F4xx_HAL_Driver\Src\stm32f4xx_hal_rcc_ex.o
                                0x76f (size before relaxing)
 .debug_str     0x000021c1      0x2ae Src\car_game_definitions.o
                                0x550 (size before relaxing)
 .debug_str     0x0000246f       0xcb Src\display_functions.o
                                0x8d8 (size before relaxing)
 .debug_str     0x0000253a       0x1b Src\gpio.o
                                0x3b6 (size before relaxing)
 .debug_str     0x00002555       0x54 Src\i2c.o
                                0x8e7 (size before relaxing)
 .debug_str     0x000025a9       0x26 Src\main.o
                                0xaf0 (size before relaxing)
 .debug_str     0x000025cf       0x27 Src\stm32f4xx_hal_msp.o
                                0x73e (size before relaxing)
 .debug_str     0x000025f6       0x7d Src\stm32f4xx_it.o
                                0x242 (size before relaxing)

.comment        0x00000000       0x7e
 .comment       0x00000000       0x7e Drivers\CMSIS\Device\ST\STM32F4xx\Source\Templates\system_stm32f4xx.o
                                 0x7f (size before relaxing)
 .comment       0x0000007e       0x7f Drivers\STM32F4xx_HAL_Driver\Src\stm32f4xx_hal.o
 .comment       0x0000007e       0x7f Drivers\STM32F4xx_HAL_Driver\Src\stm32f4xx_hal_cortex.o
 .comment       0x0000007e       0x7f Drivers\STM32F4xx_HAL_Driver\Src\stm32f4xx_hal_gpio.o
 .comment       0x0000007e       0x7f Drivers\STM32F4xx_HAL_Driver\Src\stm32f4xx_hal_i2c.o
 .comment       0x0000007e       0x7f Drivers\STM32F4xx_HAL_Driver\Src\stm32f4xx_hal_rcc.o
 .comment       0x0000007e       0x7f Drivers\STM32F4xx_HAL_Driver\Src\stm32f4xx_hal_rcc_ex.o
 .comment       0x0000007e       0x7f Src\car_game_definitions.o
 .comment       0x0000007e       0x7f Src\display_functions.o
 .comment       0x0000007e       0x7f Src\gpio.o
 .comment       0x0000007e       0x7f Src\i2c.o
 .comment       0x0000007e       0x7f Src\main.o
 .comment       0x0000007e       0x7f Src\stm32f4xx_hal_msp.o
 .comment       0x0000007e       0x7f Src\stm32f4xx_it.o

.debug_frame    0x00000000     0x208c
 .debug_frame   0x00000000       0x30 Drivers\CMSIS\Device\ST\STM32F4xx\Source\Templates\system_stm32f4xx.o
 .debug_frame   0x00000030      0x184 Drivers\STM32F4xx_HAL_Driver\Src\stm32f4xx_hal.o
 .debug_frame   0x000001b4      0x130 Drivers\STM32F4xx_HAL_Driver\Src\stm32f4xx_hal_cortex.o
 .debug_frame   0x000002e4       0xd4 Drivers\STM32F4xx_HAL_Driver\Src\stm32f4xx_hal_gpio.o
 .debug_frame   0x000003b8      0x63c Drivers\STM32F4xx_HAL_Driver\Src\stm32f4xx_hal_i2c.o
 .debug_frame   0x000009f4      0x138 Drivers\STM32F4xx_HAL_Driver\Src\stm32f4xx_hal_rcc.o
 .debug_frame   0x00000b2c       0xd8 Drivers\STM32F4xx_HAL_Driver\Src\stm32f4xx_hal_rcc_ex.o
 .debug_frame   0x00000c04      0x150 Src\car_game_definitions.o
 .debug_frame   0x00000d54      0x16c Src\display_functions.o
 .debug_frame   0x00000ec0       0x34 Src\gpio.o
 .debug_frame   0x00000ef4       0x58 Src\i2c.o
 .debug_frame   0x00000f4c       0x5c Src\main.o
 .debug_frame   0x00000fa8       0x2c Src\stm32f4xx_hal_msp.o
 .debug_frame   0x00000fd4       0xac Src\stm32f4xx_it.o
 .debug_frame   0x00001080       0x2c c:/program files (x86)/atollic/truestudio for arm 6.0.0/armtools/bin/../lib/gcc/arm-atollic-eabi/5.3.1/../../../../arm-atollic-eabi/lib/armv7e-m/fpu\libc.a(lib_a-init.o)
 .debug_frame   0x000010ac       0x74 c:/program files (x86)/atollic/truestudio for arm 6.0.0/armtools/bin/../lib/gcc/arm-atollic-eabi/5.3.1/../../../../arm-atollic-eabi/lib/armv7e-m/fpu\libc.a(lib_a-printf.o)
 .debug_frame   0x00001120       0x44 c:/program files (x86)/atollic/truestudio for arm 6.0.0/armtools/bin/../lib/gcc/arm-atollic-eabi/5.3.1/../../../../arm-atollic-eabi/lib/armv7e-m/fpu\libc.a(lib_a-rand.o)
 .debug_frame   0x00001164       0x70 c:/program files (x86)/atollic/truestudio for arm 6.0.0/armtools/bin/../lib/gcc/arm-atollic-eabi/5.3.1/../../../../arm-atollic-eabi/lib/armv7e-m/fpu\libc.a(lib_a-sprintf.o)
 .debug_frame   0x000011d4       0x40 c:/program files (x86)/atollic/truestudio for arm 6.0.0/armtools/bin/../lib/gcc/arm-atollic-eabi/5.3.1/../../../../arm-atollic-eabi/lib/armv7e-m/fpu\libc.a(lib_a-svfprintf.o)
 .debug_frame   0x00001214       0x2c c:/program files (x86)/atollic/truestudio for arm 6.0.0/armtools/bin/../lib/gcc/arm-atollic-eabi/5.3.1/../../../../arm-atollic-eabi/lib/armv7e-m/fpu\libc.a(lib_a-time.o)
 .debug_frame   0x00001240       0x74 c:/program files (x86)/atollic/truestudio for arm 6.0.0/armtools/bin/../lib/gcc/arm-atollic-eabi/5.3.1/../../../../arm-atollic-eabi/lib/armv7e-m/fpu\libc.a(lib_a-vfprintf.o)
 .debug_frame   0x000012b4       0x2c c:/program files (x86)/atollic/truestudio for arm 6.0.0/armtools/bin/../lib/gcc/arm-atollic-eabi/5.3.1/../../../../arm-atollic-eabi/lib/armv7e-m/fpu\libc.a(lib_a-wsetup.o)
 .debug_frame   0x000012e0       0x6c c:/program files (x86)/atollic/truestudio for arm 6.0.0/armtools/bin/../lib/gcc/arm-atollic-eabi/5.3.1/../../../../arm-atollic-eabi/lib/armv7e-m/fpu\libc.a(lib_a-dtoa.o)
 .debug_frame   0x0000134c       0x68 c:/program files (x86)/atollic/truestudio for arm 6.0.0/armtools/bin/../lib/gcc/arm-atollic-eabi/5.3.1/../../../../arm-atollic-eabi/lib/armv7e-m/fpu\libc.a(lib_a-fflush.o)
 .debug_frame   0x000013b4      0x11c c:/program files (x86)/atollic/truestudio for arm 6.0.0/armtools/bin/../lib/gcc/arm-atollic-eabi/5.3.1/../../../../arm-atollic-eabi/lib/armv7e-m/fpu\libc.a(lib_a-findfp.o)
 .debug_frame   0x000014d0       0x60 c:/program files (x86)/atollic/truestudio for arm 6.0.0/armtools/bin/../lib/gcc/arm-atollic-eabi/5.3.1/../../../../arm-atollic-eabi/lib/armv7e-m/fpu\libc.a(lib_a-freer.o)
 .debug_frame   0x00001530       0x54 c:/program files (x86)/atollic/truestudio for arm 6.0.0/armtools/bin/../lib/gcc/arm-atollic-eabi/5.3.1/../../../../arm-atollic-eabi/lib/armv7e-m/fpu\libc.a(lib_a-fwalk.o)
 .debug_frame   0x00001584       0x2c c:/program files (x86)/atollic/truestudio for arm 6.0.0/armtools/bin/../lib/gcc/arm-atollic-eabi/5.3.1/../../../../arm-atollic-eabi/lib/armv7e-m/fpu\libc.a(lib_a-gettimeofdayr.o)
 .debug_frame   0x000015b0       0x98 c:/program files (x86)/atollic/truestudio for arm 6.0.0/armtools/bin/../lib/gcc/arm-atollic-eabi/5.3.1/../../../../arm-atollic-eabi/lib/armv7e-m/fpu\libc.a(lib_a-locale.o)
 .debug_frame   0x00001648       0x54 c:/program files (x86)/atollic/truestudio for arm 6.0.0/armtools/bin/../lib/gcc/arm-atollic-eabi/5.3.1/../../../../arm-atollic-eabi/lib/armv7e-m/fpu\libc.a(lib_a-makebuf.o)
 .debug_frame   0x0000169c       0x30 c:/program files (x86)/atollic/truestudio for arm 6.0.0/armtools/bin/../lib/gcc/arm-atollic-eabi/5.3.1/../../../../arm-atollic-eabi/lib/armv7e-m/fpu\libc.a(lib_a-malloc.o)
 .debug_frame   0x000016cc       0x40 c:/program files (x86)/atollic/truestudio for arm 6.0.0/armtools/bin/../lib/gcc/arm-atollic-eabi/5.3.1/../../../../arm-atollic-eabi/lib/armv7e-m/fpu\libc.a(lib_a-mallocr.o)
 .debug_frame   0x0000170c       0x28 c:/program files (x86)/atollic/truestudio for arm 6.0.0/armtools/bin/../lib/gcc/arm-atollic-eabi/5.3.1/../../../../arm-atollic-eabi/lib/armv7e-m/fpu\libc.a(lib_a-memcpy-stub.o)
 .debug_frame   0x00001734       0x20 c:/program files (x86)/atollic/truestudio for arm 6.0.0/armtools/bin/../lib/gcc/arm-atollic-eabi/5.3.1/../../../../arm-atollic-eabi/lib/armv7e-m/fpu\libc.a(lib_a-memset.o)
 .debug_frame   0x00001754       0x30 c:/program files (x86)/atollic/truestudio for arm 6.0.0/armtools/bin/../lib/gcc/arm-atollic-eabi/5.3.1/../../../../arm-atollic-eabi/lib/armv7e-m/fpu\libc.a(lib_a-mlock.o)
 .debug_frame   0x00001784      0x238 c:/program files (x86)/atollic/truestudio for arm 6.0.0/armtools/bin/../lib/gcc/arm-atollic-eabi/5.3.1/../../../../arm-atollic-eabi/lib/armv7e-m/fpu\libc.a(lib_a-mprec.o)
 .debug_frame   0x000019bc       0x5c c:/program files (x86)/atollic/truestudio for arm 6.0.0/armtools/bin/../lib/gcc/arm-atollic-eabi/5.3.1/../../../../arm-atollic-eabi/lib/armv7e-m/fpu\libc.a(lib_a-reent.o)
 .debug_frame   0x00001a18       0x2c c:/program files (x86)/atollic/truestudio for arm 6.0.0/armtools/bin/../lib/gcc/arm-atollic-eabi/5.3.1/../../../../arm-atollic-eabi/lib/armv7e-m/fpu\libc.a(lib_a-sbrkr.o)
 .debug_frame   0x00001a44       0x88 c:/program files (x86)/atollic/truestudio for arm 6.0.0/armtools/bin/../lib/gcc/arm-atollic-eabi/5.3.1/../../../../arm-atollic-eabi/lib/armv7e-m/fpu\libc.a(lib_a-stdio.o)
 .debug_frame   0x00001acc       0x6c c:/program files (x86)/atollic/truestudio for arm 6.0.0/armtools/bin/../lib/gcc/arm-atollic-eabi/5.3.1/../../../../arm-atollic-eabi/lib/armv7e-m/fpu\libc.a(lib_a-svfiprintf.o)
 .debug_frame   0x00001b38       0x98 c:/program files (x86)/atollic/truestudio for arm 6.0.0/armtools/bin/../lib/gcc/arm-atollic-eabi/5.3.1/../../../../arm-atollic-eabi/lib/armv7e-m/fpu\libc.a(lib_a-vfiprintf.o)
 .debug_frame   0x00001bd0       0x2c c:/program files (x86)/atollic/truestudio for arm 6.0.0/armtools/bin/../lib/gcc/arm-atollic-eabi/5.3.1/../../../../arm-atollic-eabi/lib/armv7e-m/fpu\libc.a(lib_a-writer.o)